Archive member included to satisfy reference by file (symbol)

C:/devkitPro/libctru/lib\libctru.a(console.o)
                              main.o (consoleSelect)
C:/devkitPro/libctru/lib\libctru.a(gfx.o)
                              C:/devkitPro/libctru/lib\libctru.a(console.o) (gfxIsWide)
C:/devkitPro/libctru/lib\libctru.a(gspgpu.o)
                              C:/devkitPro/libctru/lib\libctru.a(gfx.o) (gspInit)
C:/devkitPro/libctru/lib\libctru.a(apt.o)
                              main.o (aptMainLoop)
C:/devkitPro/libctru/lib\libctru.a(hid.o)
                              main.o (hidScanInput)
C:/devkitPro/libctru/lib\libctru.a(httpc.o)
                              main.o (httpcInit)
C:/devkitPro/libctru/lib\libctru.a(ctru_init.o)
                              C:/devkitPro/libctru/lib\libctru.a(apt.o) (__system_retAddr)
C:/devkitPro/libctru/lib\libctru.a(initArgv.o)
                              C:/devkitPro/libctru/lib\libctru.a(ctru_init.o) (__system_initArgv)
C:/devkitPro/libctru/lib\libctru.a(svc.o)
                              C:/devkitPro/libctru/lib\libctru.a(apt.o) (svcSleepThread)
C:/devkitPro/libctru/lib\libctru.a(stack_adjust.o)
                              c:/devkitpro/devkitarm/bin/../lib/gcc/arm-none-eabi/12.1.0/../../../../arm-none-eabi/lib/armv6k/fpu/3dsx_crt0.o (initSystem)
C:/devkitPro/libctru/lib\libctru.a(default_font.bin.o)
                              C:/devkitPro/libctru/lib\libctru.a(console.o) (default_font_bin)
C:/devkitPro/libctru/lib\libctru.a(vram.o)
                              C:/devkitPro/libctru/lib\libctru.a(gfx.o) (vramAlloc)
C:/devkitPro/libctru/lib\libctru.a(linear.o)
                              C:/devkitPro/libctru/lib\libctru.a(gfx.o) (linearAlloc)
C:/devkitPro/libctru/lib\libctru.a(mem_pool.o)
                              C:/devkitPro/libctru/lib\libctru.a(vram.o) (MemPool::Allocate(MemChunk&, unsigned long, int))
C:/devkitPro/libctru/lib\libctru.a(synchronization.o)
                              C:/devkitPro/libctru/lib\libctru.a(ctru_init.o) (__sync_init)
C:/devkitPro/libctru/lib\libctru.a(os.o)
                              C:/devkitPro/libctru/lib\libctru.a(apt.o) (__ctru_speedup_config)
C:/devkitPro/libctru/lib\libctru.a(3dslink.o)
                              C:/devkitPro/libctru/lib\libctru.a(initArgv.o) (__3dslink_host)
C:/devkitPro/libctru/lib\libctru.a(srv.o)
                              C:/devkitPro/libctru/lib\libctru.a(apt.o) (srvInit)
C:/devkitPro/libctru/lib\libctru.a(thread.o)
                              C:/devkitPro/libctru/lib\libctru.a(gspgpu.o) (threadCreate)
C:/devkitPro/libctru/lib\libctru.a(mappable.o)
                              C:/devkitPro/libctru/lib\libctru.a(gspgpu.o) (mappableAlloc)
C:/devkitPro/libctru/lib\libctru.a(irrst.o)
                              C:/devkitPro/libctru/lib\libctru.a(hid.o) (irrstInit)
C:/devkitPro/libctru/lib\libctru.a(srvpm.o)
                              C:/devkitPro/libctru/lib\libctru.a(srv.o) (srvPmGetSessionHandle)
C:/devkitPro/libctru/lib\libctru.a(ptmsysm.o)
                              C:/devkitPro/libctru/lib\libctru.a(os.o) (ptmSysmInit)
C:/devkitPro/libctru/lib\libctru.a(soc_socket.o)
                              C:/devkitPro/libctru/lib\libctru.a(3dslink.o) (socket)
C:/devkitPro/libctru/lib\libctru.a(soc_connect.o)
                              C:/devkitPro/libctru/lib\libctru.a(3dslink.o) (connect)
C:/devkitPro/libctru/lib\libctru.a(soc_common.o)
                              C:/devkitPro/libctru/lib\libctru.a(soc_socket.o) (_net_convert_error)
C:/devkitPro/libctru/lib\libctru.a(rbtree_init.o)
                              C:/devkitPro/libctru/lib\libctru.a(vram.o) (rbtree_init)
C:/devkitPro/libctru/lib\libctru.a(rbtree_insert.o)
                              C:/devkitPro/libctru/lib\libctru.a(vram.o) (rbtree_insert)
C:/devkitPro/libctru/lib\libctru.a(rbtree_rotate.o)
                              C:/devkitPro/libctru/lib\libctru.a(rbtree_insert.o) (rbtree_rotate)
C:/devkitPro/libctru/lib\libctru.a(rbtree_remove.o)
                              C:/devkitPro/libctru/lib\libctru.a(vram.o) (rbtree_remove)
C:/devkitPro/libctru/lib\libctru.a(rbtree_find.o)
                              C:/devkitPro/libctru/lib\libctru.a(vram.o) (rbtree_find)
C:/devkitPro/libctru/lib\libctru.a(appInit.o)
                              C:/devkitPro/libctru/lib\libctru.a(stack_adjust.o) (__appInit)
C:/devkitPro/libctru/lib\libctru.a(syscalls.o)
                              C:/devkitPro/libctru/lib\libctru.a(thread.o) (initThreadVars)
C:/devkitPro/libctru/lib\libctru.a(allocateHeaps.o)
                              C:/devkitPro/libctru/lib\libctru.a(ctru_init.o) (__system_allocateHeaps)
C:/devkitPro/libctru/lib\libctru.a(appExit.o)
                              C:/devkitPro/libctru/lib\libctru.a(stack_adjust.o) (__appExit)
C:/devkitPro/libctru/lib\libctru.a(ctru_exit.o)
                              C:/devkitPro/libctru/lib\libctru.a(stack_adjust.o) (__libctru_exit)
[...]
Memory Configuration

Name             Origin             Length             Attributes
*default*        0x0000000000000000 0xffffffffffffffff

Linker script and memory map

                0x0000000000100000                PROVIDE (__start__ = 0x100000)
                0x0000000000100000                . = __start__

.text           0x0000000000100000    0x22368
 *(.crt0)
 .crt0          0x0000000000100000       0x94 c:/devkitpro/devkitarm/bin/../lib/gcc/arm-none-eabi/12.1.0/../../../../arm-none-eabi/lib/armv6k/fpu/3dsx_crt0.o
                0x0000000000100000                _start
                0x0000000000100008                __service_ptr
                0x000000000010000c                __apt_appid
                0x0000000000100010                __heap_size
                0x0000000000100014                __linear_heap_size
                0x0000000000100018                __system_arglist
                0x000000000010001c                __system_runflags
 *(.init)
 .init          0x0000000000100094        0xc c:/devkitpro/devkitarm/bin/../lib/gcc/arm-none-eabi/12.1.0/armv6k/fpu/crti.o
                0x0000000000100094                _init
 .init          0x00000000001000a0        0xc c:/devkitpro/devkitarm/bin/../lib/gcc/arm-none-eabi/12.1.0/armv6k/fpu/crtn.o
                0x00000000001000ac                . = ALIGN (0x4)
 *(.text)
 .text          0x00000000001000ac      0x240 c:/devkitpro/devkitarm/bin/../lib/gcc/arm-none-eabi/12.1.0/armv6k/fpu\libgcc.a(_divsi3.o)
                0x00000000001000ac                __divsi3
                0x00000000001000ac                __aeabi_idiv
                0x00000000001002cc                __aeabi_idivmod
 .text          0x00000000001002ec        0x4 c:/devkitpro/devkitarm/bin/../lib/gcc/arm-none-eabi/12.1.0/armv6k/fpu\libgcc.a(_dvmd_tls.o)
                0x00000000001002ec                __aeabi_idiv0
                0x00000000001002ec                __aeabi_ldiv0
 .text          0x00000000001002f0       0x3c c:/devkitpro/devkitarm/bin/../lib/gcc/arm-none-eabi/12.1.0/armv6k/fpu\libgcc.a(_aeabi_uldivmod.o)
                0x00000000001002f0                __aeabi_uldivmod
 *fill*         0x000000000010032c       0x14 
 .text          0x0000000000100340      0x390 c:/devkitpro/devkitarm/bin/../lib/gcc/arm-none-eabi/12.1.0/../../../../arm-none-eabi/lib/armv6k/fpu\libg.a(lib_a-strcmp.o)
                0x0000000000100348                strcmp
 .text          0x00000000001006d0      0x20c c:/devkitpro/devkitarm/bin/../lib/gcc/arm-none-eabi/12.1.0/armv6k/fpu\libgcc.a(_udivsi3.o)
                0x00000000001006d0                __aeabi_uidiv
                0x00000000001006d0                __udivsi3
                0x00000000001008bc                __aeabi_uidivmod
 .text          0x00000000001008dc      0x3c0 c:/devkitpro/devkitarm/bin/../lib/gcc/arm-none-eabi/12.1.0/armv6k/fpu\libgcc.a(_arm_addsubdf3.o)
                0x00000000001008dc                __aeabi_drsub
                0x00000000001008e4                __aeabi_dsub
                0x00000000001008e4                __subdf3
                0x00000000001008e8                __aeabi_dadd
                0x00000000001008e8                __adddf3
                0x0000000000100b94                __floatunsidf
                0x0000000000100b94                __aeabi_ui2d
                0x0000000000100bb8                __floatsidf
                0x0000000000100bb8                __aeabi_i2d
                0x0000000000100be0                __aeabi_f2d
                0x0000000000100be0                __extendsfdf2
                0x0000000000100c28                __floatundidf
                0x0000000000100c28                __aeabi_ul2d
                0x0000000000100c3c                __floatdidf
                0x0000000000100c3c                __aeabi_l2d
 *(.text.*)
 .text.__do_global_dtors_aux
                0x0000000000100c9c       0x40 c:/devkitpro/devkitarm/bin/../lib/gcc/arm-none-eabi/12.1.0/armv6k/fpu/crtbegin.o
 .text.frame_dummy
                0x0000000000100cdc       0x2c c:/devkitpro/devkitarm/bin/../lib/gcc/arm-none-eabi/12.1.0/armv6k/fpu/crtbegin.o
 .text.http_download
                0x0000000000100d08      0x154 main.o
                0x0000000000100d08                http_download
 .text.http_downloadsave
                0x0000000000100e5c      0x2c4 main.o
                0x0000000000100e5c                http_downloadsave
 .text.downloadfile
                0x0000000000101120       0x7c main.o
                0x0000000000101120                downloadfile
 .text.startup.main
                0x000000000010119c       0xcc main.o
                0x000000000010119c                main
 .text.parseColor
                0x0000000000101268      0x1e8 C:/devkitPro/libctru/lib\libctru.a(console.o)
 .text.consoleSelect
                0x0000000000101450       0x18 C:/devkitPro/libctru/lib\libctru.a(console.o)
                0x0000000000101450                consoleSelect
 .text.consoleDrawChar
                0x0000000000101468      0x1ac C:/devkitPro/libctru/lib\libctru.a(console.o)
                0x0000000000101468                consoleDrawChar
 .text.consolePrintChar
                0x0000000000101614      0x124 C:/devkitPro/libctru/lib\libctru.a(console.o)
                0x0000000000101614                consolePrintChar
 .text.con_write
                0x0000000000101738      0xb94 C:/devkitPro/libctru/lib\libctru.a(console.o)
                0x0000000000101738                con_write
 .text.newRow   0x00000000001022cc       0xfc C:/devkitPro/libctru/lib\libctru.a(console.o)
 .text.consoleInit
                0x00000000001023c8      0x168 C:/devkitPro/libctru/lib\libctru.a(console.o)
                0x00000000001023c8                consoleInit
 .text.gfxPresentFramebuffer
                0x0000000000102530       0xd0 C:/devkitPro/libctru/lib\libctru.a(gfx.o)
 .text.gfxIsWide
                0x0000000000102600       0x1c C:/devkitPro/libctru/lib\libctru.a(gfx.o)
                0x0000000000102600                gfxIsWide
 .text.gfxSetScreenFormat
                0x000000000010261c       0xec C:/devkitPro/libctru/lib\libctru.a(gfx.o)
                0x000000000010261c                gfxSetScreenFormat
 .text.gfxSetDoubleBuffering
                0x0000000000102708       0x10 C:/devkitPro/libctru/lib\libctru.a(gfx.o)
                0x0000000000102708                gfxSetDoubleBuffering
 .text.gfxInit  0x0000000000102718       0xe0 C:/devkitPro/libctru/lib\libctru.a(gfx.o)
                0x0000000000102718                gfxInit
 .text.gfxInitDefault
                0x00000000001027f8       0x10 C:/devkitPro/libctru/lib\libctru.a(gfx.o)
                0x00000000001027f8                gfxInitDefault
 .text.gfxGetFramebuffer
                0x0000000000102808       0xa0 C:/devkitPro/libctru/lib\libctru.a(gfx.o)
                0x0000000000102808                gfxGetFramebuffer
 .text.gfxFlushBuffers
                0x00000000001028a8      0x104 C:/devkitPro/libctru/lib\libctru.a(gfx.o)
                0x00000000001028a8                gfxFlushBuffers
 .text.gfxSwapBuffers
                0x00000000001029ac       0x50 C:/devkitPro/libctru/lib\libctru.a(gfx.o)
                0x00000000001029ac                gfxSwapBuffers
 .text.gfxSwapBuffersGpu
                0x00000000001029fc       0x50 C:/devkitPro/libctru/lib\libctru.a(gfx.o)
                0x00000000001029fc                gfxSwapBuffersGpu
 .text.gspHardwareInit
                0x0000000000102a4c      0xc58 C:/devkitPro/libctru/lib\libctru.a(gspgpu.o)
 .text.gspInit  0x00000000001036a4      0x248 C:/devkitPro/libctru/lib\libctru.a(gspgpu.o)
                0x00000000001036a4                gspInit
 .text.gspPresentBuffer
                0x00000000001038ec       0xa0 C:/devkitPro/libctru/lib\libctru.a(gspgpu.o)
                0x00000000001038ec                gspPresentBuffer
 .text.gspWaitForEvent
                0x000000000010398c       0x44 C:/devkitPro/libctru/lib\libctru.a(gspgpu.o)
                0x000000000010398c                gspWaitForEvent
 .text.gxCmdQueueInterrupt
                0x00000000001039d0        0x4 C:/devkitPro/libctru/lib\libctru.a(gspgpu.o)
                0x00000000001039d0                gxCmdQueueInterrupt
 .text.gspEventThreadMain
                0x00000000001039d4      0x158 C:/devkitPro/libctru/lib\libctru.a(gspgpu.o)
 .text.GSPGPU_FlushDataCache
                0x0000000000103b2c       0x50 C:/devkitPro/libctru/lib\libctru.a(gspgpu.o)
                0x0000000000103b2c                GSPGPU_FlushDataCache
 .text.GSPGPU_SetLcdForceBlack
                0x0000000000103b7c       0x34 C:/devkitPro/libctru/lib\libctru.a(gspgpu.o)
                0x0000000000103b7c                GSPGPU_SetLcdForceBlack
 .text.GSPGPU_AcquireRight
                0x0000000000103bb0       0x68 C:/devkitPro/libctru/lib\libctru.a(gspgpu.o)
                0x0000000000103bb0                GSPGPU_AcquireRight
 .text.GSPGPU_ReleaseRight
                0x0000000000103c18       0x48 C:/devkitPro/libctru/lib\libctru.a(gspgpu.o)
                0x0000000000103c18                GSPGPU_ReleaseRight
 .text.GSPGPU_ImportDisplayCaptureInfo
                0x0000000000103c60       0x7c C:/devkitPro/libctru/lib\libctru.a(gspgpu.o)
                0x0000000000103c60                GSPGPU_ImportDisplayCaptureInfo
 .text.GSPGPU_SaveVramSysArea
                0x0000000000103cdc       0x2c C:/devkitPro/libctru/lib\libctru.a(gspgpu.o)
                0x0000000000103cdc                GSPGPU_SaveVramSysArea
 .text.GSPGPU_RestoreVramSysArea
                0x0000000000103d08       0x2c C:/devkitPro/libctru/lib\libctru.a(gspgpu.o)
                0x0000000000103d08                GSPGPU_RestoreVramSysArea
 .text.aptConvertScreenForCapture
                0x0000000000103d34      0x1a4 C:/devkitPro/libctru/lib\libctru.a(apt.o)
 .text.aptDspSleep
                0x0000000000103ed8        0x8 C:/devkitPro/libctru/lib\libctru.a(apt.o)
                0x0000000000103ed8                aptDspSleep
 .text.aptDspWakeup
                0x0000000000103ee0        0x4 C:/devkitPro/libctru/lib\libctru.a(apt.o)
                0x0000000000103ee0                aptDspWakeup
 .text.aptDspCancel
                0x0000000000103ee4        0x4 C:/devkitPro/libctru/lib\libctru.a(apt.o)
                0x0000000000103ee4                aptDspCancel
 .text.aptSendCommand
                0x0000000000103ee8      0x158 C:/devkitPro/libctru/lib\libctru.a(apt.o)
                0x0000000000103ee8                aptSendCommand
 .text.aptExitProcess
                0x0000000000104040       0x44 C:/devkitPro/libctru/lib\libctru.a(apt.o)
 .text.aptExit  0x0000000000104084      0x2f4 C:/devkitPro/libctru/lib\libctru.a(apt.o)
                0x0000000000104084                aptExit
 .text.aptHandleSleep
                0x0000000000104378       0xe0 C:/devkitPro/libctru/lib\libctru.a(apt.o)
                0x0000000000104378                aptHandleSleep
 .text.APT_SleepIfShellClosed
                0x0000000000104458       0x84 C:/devkitPro/libctru/lib\libctru.a(apt.o)
                0x0000000000104458                APT_SleepIfShellClosed
 .text.aptSetSleepAllowed
                0x00000000001044dc       0x84 C:/devkitPro/libctru/lib\libctru.a(apt.o)
                0x00000000001044dc                aptSetSleepAllowed
 .text.APT_UnlockTransition
                0x0000000000104560       0x84 C:/devkitPro/libctru/lib\libctru.a(apt.o)
                0x0000000000104560                APT_UnlockTransition
 *fill*         0x00000000001045e4        0x4 
 .text.aptEventHandler
                0x00000000001045e8      0x4a4 C:/devkitPro/libctru/lib\libctru.a(apt.o)
 .text.APT_ReceiveParameter
                0x0000000000104a8c       0xb0 C:/devkitPro/libctru/lib\libctru.a(apt.o)
                0x0000000000104a8c                APT_ReceiveParameter
 .text.aptReceiveParameter.constprop.0
                0x0000000000104b3c       0xb0 C:/devkitPro/libctru/lib\libctru.a(apt.o)
 *fill*         0x0000000000104bec        0x4 
 .text.aptScreenTransfer
                0x0000000000104bf0      0x2ac C:/devkitPro/libctru/lib\libctru.a(apt.o)
 .text.aptWaitForWakeUp.isra.0
                0x0000000000104e9c      0x344 C:/devkitPro/libctru/lib\libctru.a(apt.o)
 .text.aptJumpToHomeMenu
                0x00000000001051e0      0x100 C:/devkitPro/libctru/lib\libctru.a(apt.o)
                0x00000000001051e0                aptJumpToHomeMenu
 .text.aptMainLoop
                0x00000000001052e0       0x48 C:/devkitPro/libctru/lib\libctru.a(apt.o)
                0x00000000001052e0                aptMainLoop
 .text.aptInit  0x0000000000105328      0x22c C:/devkitPro/libctru/lib\libctru.a(apt.o)
                0x0000000000105328                aptInit
 .text.APT_CheckNew3DS
                0x0000000000105554       0x7c C:/devkitPro/libctru/lib\libctru.a(apt.o)
                0x0000000000105554                APT_CheckNew3DS
 .text.hidShouldUseIrrst
                0x00000000001055d0       0x24 C:/devkitPro/libctru/lib\libctru.a(hid.o)
                0x00000000001055d0                hidShouldUseIrrst
 .text.hidInit  0x00000000001055f4      0x18c C:/devkitPro/libctru/lib\libctru.a(hid.o)
                0x00000000001055f4                hidInit
 .text.hidExit  0x0000000000105780       0xe8 C:/devkitPro/libctru/lib\libctru.a(hid.o)
                0x0000000000105780                hidExit
 .text.hidScanInput
                0x0000000000105868      0x2a4 C:/devkitPro/libctru/lib\libctru.a(hid.o)
                0x0000000000105868                hidScanInput
 .text.httpcInit
                0x0000000000105b0c      0x19c C:/devkitPro/libctru/lib\libctru.a(httpc.o)
                0x0000000000105b0c                httpcInit
 .text.httpcOpenContext
                0x0000000000105ca8      0x150 C:/devkitPro/libctru/lib\libctru.a(httpc.o)
                0x0000000000105ca8                httpcOpenContext
 .text.httpcCloseContext
                0x0000000000105df8       0x40 C:/devkitPro/libctru/lib\libctru.a(httpc.o)
                0x0000000000105df8                httpcCloseContext
 .text.httpcDownloadData
                0x0000000000105e38      0x138 C:/devkitPro/libctru/lib\libctru.a(httpc.o)
                0x0000000000105e38                httpcDownloadData
 .text.httpcBeginRequest
                0x0000000000105f70       0x30 C:/devkitPro/libctru/lib\libctru.a(httpc.o)
                0x0000000000105f70                httpcBeginRequest
 .text.httpcGetDownloadSizeState
                0x0000000000105fa0       0x54 C:/devkitPro/libctru/lib\libctru.a(httpc.o)
                0x0000000000105fa0                httpcGetDownloadSizeState
 .text.httpcGetResponseStatusCode
                0x0000000000105ff4       0x3c C:/devkitPro/libctru/lib\libctru.a(httpc.o)
                0x0000000000105ff4                httpcGetResponseStatusCode
 .text.__libctru_init
                0x0000000000106030       0x38 C:/devkitPro/libctru/lib\libctru.a(ctru_init.o)
                0x0000000000106030                __libctru_init
 .text.__system_initArgv
                0x0000000000106068      0x170 C:/devkitPro/libctru/lib\libctru.a(initArgv.o)
                0x0000000000106068                __system_initArgv
 .text.svcControlMemory
                0x00000000001061d8       0x20 C:/devkitPro/libctru/lib\libctru.a(svc.o)
                0x00000000001061d8                svcControlMemory
 .text.svcQueryMemory
                0x00000000001061f8       0x30 C:/devkitPro/libctru/lib\libctru.a(svc.o)
                0x00000000001061f8                svcQueryMemory
 .text.svcExitProcess
                0x0000000000106228        0x8 C:/devkitPro/libctru/lib\libctru.a(svc.o)
                0x0000000000106228                svcExitProcess
 .text.svcCreateThread
                0x0000000000106230       0x20 C:/devkitPro/libctru/lib\libctru.a(svc.o)
                0x0000000000106230                svcCreateThread
 .text.svcExitThread
                0x0000000000106250        0x8 C:/devkitPro/libctru/lib\libctru.a(svc.o)
                0x0000000000106250                svcExitThread
 .text.svcSleepThread
                0x0000000000106258        0x8 C:/devkitPro/libctru/lib\libctru.a(svc.o)
                0x0000000000106258                svcSleepThread
 .text.svcReleaseMutex
                0x0000000000106260        0x8 C:/devkitPro/libctru/lib\libctru.a(svc.o)
                0x0000000000106260                svcReleaseMutex
 .text.svcCreateEvent
                0x0000000000106268       0x14 C:/devkitPro/libctru/lib\libctru.a(svc.o)
                0x0000000000106268                svcCreateEvent
 .text.svcSignalEvent
                0x000000000010627c        0x8 C:/devkitPro/libctru/lib\libctru.a(svc.o)
                0x000000000010627c                svcSignalEvent
 .text.svcClearEvent
                0x0000000000106284        0x8 C:/devkitPro/libctru/lib\libctru.a(svc.o)
                0x0000000000106284                svcClearEvent
 .text.svcCreateMemoryBlock
                0x000000000010628c       0x18 C:/devkitPro/libctru/lib\libctru.a(svc.o)
                0x000000000010628c                svcCreateMemoryBlock
 .text.svcMapMemoryBlock
                0x00000000001062a4        0x8 C:/devkitPro/libctru/lib\libctru.a(svc.o)
                0x00000000001062a4                svcMapMemoryBlock
 .text.svcUnmapMemoryBlock
                0x00000000001062ac        0x8 C:/devkitPro/libctru/lib\libctru.a(svc.o)
                0x00000000001062ac                svcUnmapMemoryBlock
 .text.svcCreateAddressArbiter
                0x00000000001062b4       0x14 C:/devkitPro/libctru/lib\libctru.a(svc.o)
                0x00000000001062b4                svcCreateAddressArbiter
 .text.svcArbitrateAddressNoTimeout
                0x00000000001062c8        0x8 C:/devkitPro/libctru/lib\libctru.a(svc.o)
                0x00000000001062c8                svcArbitrateAddressNoTimeout
 .text.svcCloseHandle
                0x00000000001062d0        0x8 C:/devkitPro/libctru/lib\libctru.a(svc.o)
                0x00000000001062d0                svcCloseHandle
 .text.svcWaitSynchronization
                0x00000000001062d8        0x8 C:/devkitPro/libctru/lib\libctru.a(svc.o)
                0x00000000001062d8                svcWaitSynchronization
 .text.svcWaitSynchronizationN
                0x00000000001062e0       0x28 C:/devkitPro/libctru/lib\libctru.a(svc.o)
                0x00000000001062e0                svcWaitSynchronizationN
 .text.svcDuplicateHandle
                0x0000000000106308       0x14 C:/devkitPro/libctru/lib\libctru.a(svc.o)
                0x0000000000106308                svcDuplicateHandle
 .text.svcConnectToPort
                0x000000000010631c       0x14 C:/devkitPro/libctru/lib\libctru.a(svc.o)
                0x000000000010631c                svcConnectToPort
 .text.svcSendSyncRequest
                0x0000000000106330        0x8 C:/devkitPro/libctru/lib\libctru.a(svc.o)
                0x0000000000106330                svcSendSyncRequest
 .text.svcGetResourceLimit
                0x0000000000106338       0x14 C:/devkitPro/libctru/lib\libctru.a(svc.o)
                0x0000000000106338                svcGetResourceLimit
 .text.svcGetResourceLimitLimitValues
                0x000000000010634c        0x8 C:/devkitPro/libctru/lib\libctru.a(svc.o)
                0x000000000010634c                svcGetResourceLimitLimitValues
 .text.svcGetResourceLimitCurrentValues
                0x0000000000106354        0x8 C:/devkitPro/libctru/lib\libctru.a(svc.o)
                0x0000000000106354                svcGetResourceLimitCurrentValues
 .text.svcBreak
                0x000000000010635c        0x8 C:/devkitPro/libctru/lib\libctru.a(svc.o)
                0x000000000010635c                svcBreak
 .text.initSystem
                0x0000000000106364       0x50 C:/devkitPro/libctru/lib\libctru.a(stack_adjust.o)
                0x0000000000106364                initSystem
 .text.__ctru_exit
                0x00000000001063b4       0x18 C:/devkitPro/libctru/lib\libctru.a(stack_adjust.o)
                0x00000000001063b4                __ctru_exit
 .text._ZL21addrMapNodeComparatorPK11rbtree_nodeS1_
                0x00000000001063cc       0x24 C:/devkitPro/libctru/lib\libctru.a(vram.o)
 .text._ZL21addrMapNodeDestructorP11rbtree_node
                0x00000000001063f0        0x4 C:/devkitPro/libctru/lib\libctru.a(vram.o)
 .text.vramMemAlignAt
                0x00000000001063f4      0x250 C:/devkitPro/libctru/lib\libctru.a(vram.o)
                0x00000000001063f4                vramMemAlignAt
 .text.vramAlloc
                0x0000000000106644        0xc C:/devkitPro/libctru/lib\libctru.a(vram.o)
                0x0000000000106644                vramAlloc
 .text.vramFree
                0x0000000000106650       0x90 C:/devkitPro/libctru/lib\libctru.a(vram.o)
                0x0000000000106650                vramFree
 .text._ZL21addrMapNodeComparatorPK11rbtree_nodeS1_
                0x00000000001066e0       0x24 C:/devkitPro/libctru/lib\libctru.a(linear.o)
 .text._ZL21addrMapNodeDestructorP11rbtree_node
                0x0000000000106704        0x4 C:/devkitPro/libctru/lib\libctru.a(linear.o)
 .text.linearMemAlign
                0x0000000000106708      0x120 C:/devkitPro/libctru/lib\libctru.a(linear.o)
                0x0000000000106708                linearMemAlign
 .text.linearAlloc
                0x0000000000106828        0x8 C:/devkitPro/libctru/lib\libctru.a(linear.o)
                0x0000000000106828                linearAlloc
 .text.linearFree
                0x0000000000106830       0x5c C:/devkitPro/libctru/lib\libctru.a(linear.o)
                0x0000000000106830                linearFree
 .text._ZN7MemPool13CoalesceRightEP8MemBlock
                0x000000000010688c       0x80 C:/devkitPro/libctru/lib\libctru.a(mem_pool.o)
                0x000000000010688c                MemPool::CoalesceRight(MemBlock*)
 .text._ZN7MemPool8AllocateER8MemChunkmi
                0x000000000010690c      0x16c C:/devkitPro/libctru/lib\libctru.a(mem_pool.o)
                0x000000000010690c                MemPool::Allocate(MemChunk&, unsigned long, int)
 .text._ZN7MemPool10DeallocateERK8MemChunk
                0x0000000000106a78       0xfc C:/devkitPro/libctru/lib\libctru.a(mem_pool.o)
                0x0000000000106a78                MemPool::Deallocate(MemChunk const&)
 .text._ZN7MemPool12GetFreeSpaceEv
                0x0000000000106b74       0x30 C:/devkitPro/libctru/lib\libctru.a(mem_pool.o)
                0x0000000000106b74                MemPool::GetFreeSpace()
 .text.__sync_init
                0x0000000000106ba4        0xc C:/devkitPro/libctru/lib\libctru.a(synchronization.o)
                0x0000000000106ba4                __sync_init
 .text.__sync_fini
                0x0000000000106bb0       0x18 C:/devkitPro/libctru/lib\libctru.a(synchronization.o)
                0x0000000000106bb0                __sync_fini
 .text.syncArbitrateAddress
                0x0000000000106bc8       0x2c C:/devkitPro/libctru/lib\libctru.a(synchronization.o)
                0x0000000000106bc8                syncArbitrateAddress
 .text.LightLock_Lock
                0x0000000000106bf4       0xb0 C:/devkitPro/libctru/lib\libctru.a(synchronization.o)
                0x0000000000106bf4                LightLock_Lock
 .text.LightLock_Unlock
                0x0000000000106ca4       0x40 C:/devkitPro/libctru/lib\libctru.a(synchronization.o)
                0x0000000000106ca4                LightLock_Unlock
 .text.RecursiveLock_Init
                0x0000000000106ce4       0x24 C:/devkitPro/libctru/lib\libctru.a(synchronization.o)
                0x0000000000106ce4                RecursiveLock_Init
 .text.RecursiveLock_Lock
                0x0000000000106d08       0x30 C:/devkitPro/libctru/lib\libctru.a(synchronization.o)
                0x0000000000106d08                RecursiveLock_Lock
 .text.RecursiveLock_Unlock
                0x0000000000106d38       0x54 C:/devkitPro/libctru/lib\libctru.a(synchronization.o)
                0x0000000000106d38                RecursiveLock_Unlock
 .text.LightEvent_Init
                0x0000000000106d8c       0x40 C:/devkitPro/libctru/lib\libctru.a(synchronization.o)
                0x0000000000106d8c                LightEvent_Init
 .text.LightEvent_Clear
                0x0000000000106dcc       0xa4 C:/devkitPro/libctru/lib\libctru.a(synchronization.o)
                0x0000000000106dcc                LightEvent_Clear
 .text.LightEvent_Signal
                0x0000000000106e70       0xc8 C:/devkitPro/libctru/lib\libctru.a(synchronization.o)
                0x0000000000106e70                LightEvent_Signal
 .text.LightEvent_TryWait
                0x0000000000106f38       0x50 C:/devkitPro/libctru/lib\libctru.a(synchronization.o)
                0x0000000000106f38                LightEvent_TryWait
 .text.LightEvent_Wait
                0x0000000000106f88       0xb0 C:/devkitPro/libctru/lib\libctru.a(synchronization.o)
                0x0000000000106f88                LightEvent_Wait
 .text.__ctru_speedup_config
                0x0000000000107038       0x34 C:/devkitPro/libctru/lib\libctru.a(os.o)
                0x0000000000107038                __ctru_speedup_config
 .text.srvInit  0x000000000010706c      0x130 C:/devkitPro/libctru/lib\libctru.a(srv.o)
                0x000000000010706c                srvInit
 .text.srvExit  0x000000000010719c       0x58 C:/devkitPro/libctru/lib\libctru.a(srv.o)
                0x000000000010719c                srvExit
 .text.srvGetServiceHandleDirect
                0x00000000001071f4       0xa0 C:/devkitPro/libctru/lib\libctru.a(srv.o)
                0x00000000001071f4                srvGetServiceHandleDirect
 .text.srvGetServiceHandle
                0x0000000000107294       0x38 C:/devkitPro/libctru/lib\libctru.a(srv.o)
                0x0000000000107294                srvGetServiceHandle
 .text.srvPublishToSubscriber
                0x00000000001072cc       0x38 C:/devkitPro/libctru/lib\libctru.a(srv.o)
                0x00000000001072cc                srvPublishToSubscriber
 .text.threadCreate
                0x0000000000107304      0x178 C:/devkitPro/libctru/lib\libctru.a(thread.o)
                0x0000000000107304                threadCreate
 .text.threadFree
                0x000000000010747c       0x2c C:/devkitPro/libctru/lib\libctru.a(thread.o)
                0x000000000010747c                threadFree
 .text.threadJoin
                0x00000000001074a8       0x24 C:/devkitPro/libctru/lib\libctru.a(thread.o)
                0x00000000001074a8                threadJoin
 .text.threadGetCurrent
                0x00000000001074cc       0x30 C:/devkitPro/libctru/lib\libctru.a(thread.o)
                0x00000000001074cc                threadGetCurrent
 .text.threadExit
                0x00000000001074fc       0x40 C:/devkitPro/libctru/lib\libctru.a(thread.o)
                0x00000000001074fc                threadExit
 .text._thread_begin
                0x000000000010753c       0x20 C:/devkitPro/libctru/lib\libctru.a(thread.o)
 .text.mappableFindAddressWithin
                0x000000000010755c       0xb4 C:/devkitPro/libctru/lib\libctru.a(mappable.o)
 .text.mappableInit
                0x0000000000107610       0x28 C:/devkitPro/libctru/lib\libctru.a(mappable.o)
                0x0000000000107610                mappableInit
 .text.mappableAlloc
                0x0000000000107638       0x80 C:/devkitPro/libctru/lib\libctru.a(mappable.o)
                0x0000000000107638                mappableAlloc
 .text.mappableFree
                0x00000000001076b8        0x4 C:/devkitPro/libctru/lib\libctru.a(mappable.o)
                0x00000000001076b8                mappableFree
 .text.irrstInit
                0x00000000001076bc      0x164 C:/devkitPro/libctru/lib\libctru.a(irrst.o)
                0x00000000001076bc                irrstInit
 .text.irrstExit
                0x0000000000107820       0xcc C:/devkitPro/libctru/lib\libctru.a(irrst.o)
                0x0000000000107820                irrstExit
 .text.irrstScanInput
                0x00000000001078ec       0xb4 C:/devkitPro/libctru/lib\libctru.a(irrst.o)
                0x00000000001078ec                irrstScanInput
 .text.irrstKeysHeld
                0x00000000001079a0       0x24 C:/devkitPro/libctru/lib\libctru.a(irrst.o)
                0x00000000001079a0                irrstKeysHeld
 .text.srvPmGetSessionHandle
                0x00000000001079c4        0xc C:/devkitPro/libctru/lib\libctru.a(srvpm.o)
                0x00000000001079c4                srvPmGetSessionHandle
 .text.ptmSysmInit
                0x00000000001079d0       0x74 C:/devkitPro/libctru/lib\libctru.a(ptmsysm.o)
                0x00000000001079d0                ptmSysmInit
 .text.ptmSysmExit
                0x0000000000107a44       0x3c C:/devkitPro/libctru/lib\libctru.a(ptmsysm.o)
                0x0000000000107a44                ptmSysmExit
 .text.PTMSYSM_ConfigureNew3DSCPU
                0x0000000000107a80       0x34 C:/devkitPro/libctru/lib\libctru.a(ptmsysm.o)
                0x0000000000107a80                PTMSYSM_ConfigureNew3DSCPU
 .text.rbtree_init
                0x0000000000107ab4       0x10 C:/devkitPro/libctru/lib\libctru.a(rbtree_init.o)
                0x0000000000107ab4                rbtree_init
 .text.do_insert
                0x0000000000107ac4      0x1b4 C:/devkitPro/libctru/lib\libctru.a(rbtree_insert.o)
 .text.rbtree_insert
                0x0000000000107c78        0x8 C:/devkitPro/libctru/lib\libctru.a(rbtree_insert.o)
                0x0000000000107c78                rbtree_insert
 .text.rbtree_rotate
                0x0000000000107c80       0x90 C:/devkitPro/libctru/lib\libctru.a(rbtree_rotate.o)
                0x0000000000107c80                rbtree_rotate
 .text.rbtree_remove
                0x0000000000107d10      0x318 C:/devkitPro/libctru/lib\libctru.a(rbtree_remove.o)
                0x0000000000107d10                rbtree_remove
 .text.rbtree_find
                0x0000000000108028       0x74 C:/devkitPro/libctru/lib\libctru.a(rbtree_find.o)
                0x0000000000108028                rbtree_find
 .text.__appInit
                0x000000000010809c       0x30 C:/devkitPro/libctru/lib\libctru.a(appInit.o)
                0x000000000010809c                __appInit
 .text.__syscall_getreent
                0x00000000001080cc       0x30 C:/devkitPro/libctru/lib\libctru.a(syscalls.o)
                0x00000000001080cc                __syscall_getreent
 .text.__syscall_lock_acquire
                0x00000000001080fc        0x4 C:/devkitPro/libctru/lib\libctru.a(syscalls.o)
                0x00000000001080fc                __syscall_lock_acquire
 .text.__syscall_lock_release
                0x0000000000108100        0x4 C:/devkitPro/libctru/lib\libctru.a(syscalls.o)
                0x0000000000108100                __syscall_lock_release
 .text.__syscall_lock_init_recursive
                0x0000000000108104        0x4 C:/devkitPro/libctru/lib\libctru.a(syscalls.o)
                0x0000000000108104                __syscall_lock_init_recursive
 .text.__syscall_lock_acquire_recursive
                0x0000000000108108        0x4 C:/devkitPro/libctru/lib\libctru.a(syscalls.o)
                0x0000000000108108                __syscall_lock_acquire_recursive
 .text.__syscall_lock_release_recursive
                0x000000000010810c        0x4 C:/devkitPro/libctru/lib\libctru.a(syscalls.o)
                0x000000000010810c                __syscall_lock_release_recursive
 .text.__syscall_exit
                0x0000000000108110        0x4 C:/devkitPro/libctru/lib\libctru.a(syscalls.o)
                0x0000000000108110                __syscall_exit
 .text.initThreadVars
                0x0000000000108114       0x50 C:/devkitPro/libctru/lib\libctru.a(syscalls.o)
                0x0000000000108114                initThreadVars
 .text.__system_initSyscalls
                0x0000000000108164       0x68 C:/devkitPro/libctru/lib\libctru.a(syscalls.o)
                0x0000000000108164                __system_initSyscalls
 *fill*         0x00000000001081cc        0x4 
 .text.__system_allocateHeaps
                0x00000000001081d0      0x1e0 C:/devkitPro/libctru/lib\libctru.a(allocateHeaps.o)
                0x00000000001081d0                __system_allocateHeaps
 .text.__appExit
                0x00000000001083b0       0x30 C:/devkitPro/libctru/lib\libctru.a(appExit.o)
                0x00000000001083b0                __appExit
 .text.__libctru_exit
                0x00000000001083e0       0x90 C:/devkitPro/libctru/lib\libctru.a(ctru_exit.o)
                0x00000000001083e0                __libctru_exit
 .text.envGetHandle
                0x0000000000108470       0x84 C:/devkitPro/libctru/lib\libctru.a(env.o)
                0x0000000000108470                envGetHandle
 .text.envDestroyHandles
                0x00000000001084f4       0x50 C:/devkitPro/libctru/lib\libctru.a(env.o)
                0x00000000001084f4                envDestroyHandles
 .text.archive_link
                0x0000000000108544       0x14 C:/devkitPro/libctru/lib\libctru.a(archive_dev.o)
 .text.archive_dirreset
                0x0000000000108558       0x14 C:/devkitPro/libctru/lib\libctru.a(archive_dev.o)
 .text.archive_chmod
                0x000000000010856c       0x14 C:/devkitPro/libctru/lib\libctru.a(archive_dev.o)
 .text.error_cmp
                0x0000000000108580       0x24 C:/devkitPro/libctru/lib\libctru.a(archive_dev.o)
 .text.archive_translate_error
                0x00000000001085a4       0x50 C:/devkitPro/libctru/lib\libctru.a(archive_dev.o)
 .text.archive_seek
                0x00000000001085f4       0xc8 C:/devkitPro/libctru/lib\libctru.a(archive_dev.o)
 .text._archiveInit.part.0
                0x00000000001086bc       0x7c C:/devkitPro/libctru/lib\libctru.a(archive_dev.o)
 .text.archiveFindDevice.part.0
                0x0000000000108738       0xc4 C:/devkitPro/libctru/lib\libctru.a(archive_dev.o)
 .text.archive_utf16path
                0x00000000001087fc      0x25c C:/devkitPro/libctru/lib\libctru.a(archive_dev.o)
 .text._archiveUnmountDeviceStruct.part.0
                0x0000000000108a58       0xa0 C:/devkitPro/libctru/lib\libctru.a(archive_dev.o)
 .text.archive_fchmod
                0x0000000000108af8       0x14 C:/devkitPro/libctru/lib\libctru.a(archive_dev.o)
 .text.archive_statvfs
                0x0000000000108b0c       0x14 C:/devkitPro/libctru/lib\libctru.a(archive_dev.o)
 .text._archiveMountDevice
                0x0000000000108b20      0x164 C:/devkitPro/libctru/lib\libctru.a(archive_dev.o)
 .text.archive_diropen
                0x0000000000108c84       0xe8 C:/devkitPro/libctru/lib\libctru.a(archive_dev.o)
 .text.archive_fstat
                0x0000000000108d6c       0xa4 C:/devkitPro/libctru/lib\libctru.a(archive_dev.o)
 .text.archive_close
                0x0000000000108e10       0x6c C:/devkitPro/libctru/lib\libctru.a(archive_dev.o)
 .text.archive_fsync
                0x0000000000108e7c       0x6c C:/devkitPro/libctru/lib\libctru.a(archive_dev.o)
 .text.archive_dirclose
                0x0000000000108ee8       0x70 C:/devkitPro/libctru/lib\libctru.a(archive_dev.o)
 .text.sdmc_statvfs
                0x0000000000108f58       0xe8 C:/devkitPro/libctru/lib\libctru.a(archive_dev.o)
 .text.archive_chdir
                0x0000000000109040       0xec C:/devkitPro/libctru/lib\libctru.a(archive_dev.o)
 .text.archive_ftruncate
                0x000000000010912c       0x7c C:/devkitPro/libctru/lib\libctru.a(archive_dev.o)
 .text.archive_read
                0x00000000001091a8       0xac C:/devkitPro/libctru/lib\libctru.a(archive_dev.o)
 .text.archive_unlink
                0x0000000000109254       0xa4 C:/devkitPro/libctru/lib\libctru.a(archive_dev.o)
 .text.archive_rmdir
                0x00000000001092f8       0xbc C:/devkitPro/libctru/lib\libctru.a(archive_dev.o)
 .text.archive_mkdir
                0x00000000001093b4       0xdc C:/devkitPro/libctru/lib\libctru.a(archive_dev.o)
 .text.archive_stat
                0x0000000000109490      0x19c C:/devkitPro/libctru/lib\libctru.a(archive_dev.o)
 .text.archive_dirnext
                0x000000000010962c      0x15c C:/devkitPro/libctru/lib\libctru.a(archive_dev.o)
 .text.archive_write
                0x0000000000109788       0xec C:/devkitPro/libctru/lib\libctru.a(archive_dev.o)
 .text.archive_open
                0x0000000000109874      0x1d4 C:/devkitPro/libctru/lib\libctru.a(archive_dev.o)
 .text.archive_rename
                0x0000000000109a48      0x278 C:/devkitPro/libctru/lib\libctru.a(archive_dev.o)
 .text.archiveMountSdmc
                0x0000000000109cc0      0x19c C:/devkitPro/libctru/lib\libctru.a(archive_dev.o)
                0x0000000000109cc0                archiveMountSdmc
 .text.archiveUnmountAll
                0x0000000000109e5c       0x54 C:/devkitPro/libctru/lib\libctru.a(archive_dev.o)
                0x0000000000109e5c                archiveUnmountAll
 .text.fsInit   0x0000000000109eb0       0xcc C:/devkitPro/libctru/lib\libctru.a(fs.o)
                0x0000000000109eb0                fsInit
 .text.fsExit   0x0000000000109f7c       0x3c C:/devkitPro/libctru/lib\libctru.a(fs.o)
                0x0000000000109f7c                fsExit
 .text.fsExemptFromSession
                0x0000000000109fb8       0x60 C:/devkitPro/libctru/lib\libctru.a(fs.o)
                0x0000000000109fb8                fsExemptFromSession
 .text.fsUnexemptFromSession
                0x000000000010a018       0x50 C:/devkitPro/libctru/lib\libctru.a(fs.o)
                0x000000000010a018                fsUnexemptFromSession
 .text.FSUSER_OpenFile
                0x000000000010a068       0xcc C:/devkitPro/libctru/lib\libctru.a(fs.o)
                0x000000000010a068                FSUSER_OpenFile
 .text.FSUSER_DeleteFile
                0x000000000010a134       0xbc C:/devkitPro/libctru/lib\libctru.a(fs.o)
                0x000000000010a134                FSUSER_DeleteFile
 .text.FSUSER_RenameFile
                0x000000000010a1f0       0xf8 C:/devkitPro/libctru/lib\libctru.a(fs.o)
                0x000000000010a1f0                FSUSER_RenameFile
 .text.FSUSER_DeleteDirectory
                0x000000000010a2e8       0xbc C:/devkitPro/libctru/lib\libctru.a(fs.o)
                0x000000000010a2e8                FSUSER_DeleteDirectory
 .text.FSUSER_CreateFile
                0x000000000010a3a4       0xd4 C:/devkitPro/libctru/lib\libctru.a(fs.o)
                0x000000000010a3a4                FSUSER_CreateFile
 .text.FSUSER_CreateDirectory
                0x000000000010a478       0xc4 C:/devkitPro/libctru/lib\libctru.a(fs.o)
                0x000000000010a478                FSUSER_CreateDirectory
 .text.FSUSER_RenameDirectory
                0x000000000010a53c       0xf8 C:/devkitPro/libctru/lib\libctru.a(fs.o)
                0x000000000010a53c                FSUSER_RenameDirectory
 .text.FSUSER_OpenDirectory
                0x000000000010a634       0xb4 C:/devkitPro/libctru/lib\libctru.a(fs.o)
                0x000000000010a634                FSUSER_OpenDirectory
 .text.FSUSER_OpenArchive
                0x000000000010a6e8       0x98 C:/devkitPro/libctru/lib\libctru.a(fs.o)
                0x000000000010a6e8                FSUSER_OpenArchive
 .text.FSUSER_CloseArchive
                0x000000000010a780       0x8c C:/devkitPro/libctru/lib\libctru.a(fs.o)
                0x000000000010a780                FSUSER_CloseArchive
 .text.FSUSER_GetSdmcArchiveResource
                0x000000000010a80c       0x74 C:/devkitPro/libctru/lib\libctru.a(fs.o)
                0x000000000010a80c                FSUSER_GetSdmcArchiveResource
 .text.FSUSER_IsSdmcWritable
                0x000000000010a880       0x64 C:/devkitPro/libctru/lib\libctru.a(fs.o)
                0x000000000010a880                FSUSER_IsSdmcWritable
 .text.FSFILE_Read
                0x000000000010a8e4       0x58 C:/devkitPro/libctru/lib\libctru.a(fs.o)
                0x000000000010a8e4                FSFILE_Read
 .text.FSFILE_Write
                0x000000000010a93c       0x60 C:/devkitPro/libctru/lib\libctru.a(fs.o)
                0x000000000010a93c                FSFILE_Write
 .text.FSFILE_GetSize
                0x000000000010a99c       0x3c C:/devkitPro/libctru/lib\libctru.a(fs.o)
                0x000000000010a99c                FSFILE_GetSize
 .text.FSFILE_SetSize
                0x000000000010a9d8       0x28 C:/devkitPro/libctru/lib\libctru.a(fs.o)
                0x000000000010a9d8                FSFILE_SetSize
 .text.FSFILE_Close
                0x000000000010aa00       0x3c C:/devkitPro/libctru/lib\libctru.a(fs.o)
                0x000000000010aa00                FSFILE_Close
 .text.FSFILE_Flush
                0x000000000010aa3c       0x24 C:/devkitPro/libctru/lib\libctru.a(fs.o)
                0x000000000010aa3c                FSFILE_Flush
 .text.FSDIR_Read
                0x000000000010aa60       0x50 C:/devkitPro/libctru/lib\libctru.a(fs.o)
                0x000000000010aa60                FSDIR_Read
 .text.FSDIR_Close
                0x000000000010aab0       0x3c C:/devkitPro/libctru/lib\libctru.a(fs.o)
                0x000000000010aab0                FSDIR_Close
 .text.rbtree_node_next
                0x000000000010aaec       0x5c C:/devkitPro/libctru/lib\libctru.a(rbtree_iterator.o)
                0x000000000010aaec                rbtree_node_next
 .text.utf16_to_utf8
                0x000000000010ab48       0xe8 C:/devkitPro/libctru/lib\libctru.a(utf16_to_utf8.o)
                0x000000000010ab48                utf16_to_utf8
 .text.decode_utf16
                0x000000000010ac30       0x64 C:/devkitPro/libctru/lib\libctru.a(decode_utf16.o)
                0x000000000010ac30                decode_utf16
 .text.decode_utf8
                0x000000000010ac94      0x13c C:/devkitPro/libctru/lib\libctru.a(decode_utf8.o)
                0x000000000010ac94                decode_utf8
 .text.utf8_to_utf16
                0x000000000010add0       0xc0 C:/devkitPro/libctru/lib\libctru.a(utf8_to_utf16.o)
                0x000000000010add0                utf8_to_utf16
 .text.__aeabi_read_tp
                0x000000000010ae90        0xc C:/devkitPro/libctru/lib\libctru.a(readtp.o)
                0x000000000010ae90                __aeabi_read_tp
 .text.encode_utf16
                0x000000000010ae9c       0x54 C:/devkitPro/libctru/lib\libctru.a(encode_utf16.o)
                0x000000000010ae9c                encode_utf16
 .text.encode_utf8
                0x000000000010aef0       0xe0 C:/devkitPro/libctru/lib\libctru.a(encode_utf8.o)
                0x000000000010aef0                encode_utf8
 .text.__udivmoddi4
                0x000000000010afd0      0x120 c:/devkitpro/devkitarm/bin/../lib/gcc/arm-none-eabi/12.1.0/armv6k/fpu\libgcc.a(_udivmoddi4.o)
                0x000000000010afd0                __udivmoddi4
 .text.bsearch  0x000000000010b0f0       0x78 c:/devkitpro/devkitarm/bin/../lib/gcc/arm-none-eabi/12.1.0/../../../../arm-none-eabi/lib/armv6k/fpu\libg.a(lib_a-bsearch.o)
                0x000000000010b0f0                bsearch
 .text.calloc   0x000000000010b168       0x20 c:/devkitpro/devkitarm/bin/../lib/gcc/arm-none-eabi/12.1.0/../../../../arm-none-eabi/lib/armv6k/fpu\libg.a(lib_a-calloc.o)
                0x000000000010b168                calloc
 .text._calloc_r
                0x000000000010b188       0xc0 c:/devkitpro/devkitarm/bin/../lib/gcc/arm-none-eabi/12.1.0/../../../../arm-none-eabi/lib/armv6k/fpu\libg.a(lib_a-callocr.o)
                0x000000000010b188                _calloc_r
 .text.__errno  0x000000000010b248        0xc c:/devkitpro/devkitarm/bin/../lib/gcc/arm-none-eabi/12.1.0/../../../../arm-none-eabi/lib/armv6k/fpu\libg.a(lib_a-errno.o)
                0x000000000010b248                __errno
 .text.exit     0x000000000010b254       0x34 c:/devkitpro/devkitarm/bin/../lib/gcc/arm-none-eabi/12.1.0/../../../../arm-none-eabi/lib/armv6k/fpu\libg.a(lib_a-exit.o)
                0x000000000010b254                exit
 .text._fclose_r
                0x000000000010b288      0x15c c:/devkitpro/devkitarm/bin/../lib/gcc/arm-none-eabi/12.1.0/../../../../arm-none-eabi/lib/armv6k/fpu\libg.a(lib_a-fclose.o)
                0x000000000010b288                _fclose_r
 .text.fclose   0x000000000010b3e4       0x18 c:/devkitpro/devkitarm/bin/../lib/gcc/arm-none-eabi/12.1.0/../../../../arm-none-eabi/lib/armv6k/fpu\libg.a(lib_a-fclose.o)
                0x000000000010b3e4                fclose
 .text.__sflush_r
                0x000000000010b3fc      0x234 c:/devkitpro/devkitarm/bin/../lib/gcc/arm-none-eabi/12.1.0/../../../../arm-none-eabi/lib/armv6k/fpu\libg.a(lib_a-fflush.o)
                0x000000000010b3fc                __sflush_r
 .text._fflush_r
                0x000000000010b630       0x94 c:/devkitpro/devkitarm/bin/../lib/gcc/arm-none-eabi/12.1.0/../../../../arm-none-eabi/lib/armv6k/fpu\libg.a(lib_a-fflush.o)
                0x000000000010b630                _fflush_r
 .text.fflush   0x000000000010b6c4       0x38 c:/devkitpro/devkitarm/bin/../lib/gcc/arm-none-eabi/12.1.0/../../../../arm-none-eabi/lib/armv6k/fpu\libg.a(lib_a-fflush.o)
                0x000000000010b6c4                fflush
 .text._cleanup_r
                0x000000000010b6fc        0xc c:/devkitpro/devkitarm/bin/../lib/gcc/arm-none-eabi/12.1.0/../../../../arm-none-eabi/lib/armv6k/fpu\libg.a(lib_a-findfp.o)
                0x000000000010b6fc                _cleanup_r
 .text.__sinit  0x000000000010b708      0x184 c:/devkitpro/devkitarm/bin/../lib/gcc/arm-none-eabi/12.1.0/../../../../arm-none-eabi/lib/armv6k/fpu\libg.a(lib_a-findfp.o)
                0x000000000010b708                __sinit
 .text.__sfp    0x000000000010b88c      0x134 c:/devkitpro/devkitarm/bin/../lib/gcc/arm-none-eabi/12.1.0/../../../../arm-none-eabi/lib/armv6k/fpu\libg.a(lib_a-findfp.o)
                0x000000000010b88c                __sfp
 .text.__sfp_lock_acquire
                0x000000000010b9c0        0xc c:/devkitpro/devkitarm/bin/../lib/gcc/arm-none-eabi/12.1.0/../../../../arm-none-eabi/lib/armv6k/fpu\libg.a(lib_a-findfp.o)
                0x000000000010b9c0                __sfp_lock_acquire
 .text.__sfp_lock_release
                0x000000000010b9cc        0xc c:/devkitpro/devkitarm/bin/../lib/gcc/arm-none-eabi/12.1.0/../../../../arm-none-eabi/lib/armv6k/fpu\libg.a(lib_a-findfp.o)
                0x000000000010b9cc                __sfp_lock_release
 .text.__libc_fini_array
                0x000000000010b9d8       0x3c c:/devkitpro/devkitarm/bin/../lib/gcc/arm-none-eabi/12.1.0/../../../../arm-none-eabi/lib/armv6k/fpu\libg.a(lib_a-fini.o)
                0x000000000010b9d8                __libc_fini_array
 .text._fopen_r
                0x000000000010ba14      0x134 c:/devkitpro/devkitarm/bin/../lib/gcc/arm-none-eabi/12.1.0/../../../../arm-none-eabi/lib/armv6k/fpu\libg.a(lib_a-fopen.o)
                0x000000000010ba14                _fopen_r
 .text.fopen    0x000000000010bb48       0x20 c:/devkitpro/devkitarm/bin/../lib/gcc/arm-none-eabi/12.1.0/../../../../arm-none-eabi/lib/armv6k/fpu\libg.a(lib_a-fopen.o)
                0x000000000010bb48                fopen
 .text._malloc_trim_r
                0x000000000010bb68       0xf8 c:/devkitpro/devkitarm/bin/../lib/gcc/arm-none-eabi/12.1.0/../../../../arm-none-eabi/lib/armv6k/fpu\libg.a(lib_a-freer.o)
                0x000000000010bb68                _malloc_trim_r
 .text._free_r  0x000000000010bc60      0x2e8 c:/devkitpro/devkitarm/bin/../lib/gcc/arm-none-eabi/12.1.0/../../../../arm-none-eabi/lib/armv6k/fpu\libg.a(lib_a-freer.o)
                0x000000000010bc60                _free_r
 .text._fseek_r
                0x000000000010bf48       0x1c c:/devkitpro/devkitarm/bin/../lib/gcc/arm-none-eabi/12.1.0/../../../../arm-none-eabi/lib/armv6k/fpu\libg.a(lib_a-fseek.o)
                0x000000000010bf48                _fseek_r
 .text._fseeko_r
                0x000000000010bf64      0x590 c:/devkitpro/devkitarm/bin/../lib/gcc/arm-none-eabi/12.1.0/../../../../arm-none-eabi/lib/armv6k/fpu\libg.a(lib_a-fseeko.o)
                0x000000000010bf64                _fseeko_r
 .text._fwalk   0x000000000010c4f4       0x68 c:/devkitpro/devkitarm/bin/../lib/gcc/arm-none-eabi/12.1.0/../../../../arm-none-eabi/lib/armv6k/fpu\libg.a(lib_a-fwalk.o)
                0x000000000010c4f4                _fwalk
 .text._fwalk_reent
                0x000000000010c55c       0x70 c:/devkitpro/devkitarm/bin/../lib/gcc/arm-none-eabi/12.1.0/../../../../arm-none-eabi/lib/armv6k/fpu\libg.a(lib_a-fwalk.o)
                0x000000000010c55c                _fwalk_reent
 .text._fwrite_r
                0x000000000010c5cc       0xf0 c:/devkitpro/devkitarm/bin/../lib/gcc/arm-none-eabi/12.1.0/../../../../arm-none-eabi/lib/armv6k/fpu\libg.a(lib_a-fwrite.o)
                0x000000000010c5cc                _fwrite_r
 .text.fwrite   0x000000000010c6bc       0x38 c:/devkitpro/devkitarm/bin/../lib/gcc/arm-none-eabi/12.1.0/../../../../arm-none-eabi/lib/armv6k/fpu\libg.a(lib_a-fwrite.o)
                0x000000000010c6bc                fwrite
 .text.__libc_init_array
                0x000000000010c6f4       0x84 c:/devkitpro/devkitarm/bin/../lib/gcc/arm-none-eabi/12.1.0/../../../../arm-none-eabi/lib/armv6k/fpu\libg.a(lib_a-init.o)
                0x000000000010c6f4                __libc_init_array
 .text.__smakebuf_r
                0x000000000010c778      0x138 c:/devkitpro/devkitarm/bin/../lib/gcc/arm-none-eabi/12.1.0/../../../../arm-none-eabi/lib/armv6k/fpu\libg.a(lib_a-makebuf.o)
                0x000000000010c778                __smakebuf_r
 .text.__swhatbuf_r
                0x000000000010c8b0       0x8c c:/devkitpro/devkitarm/bin/../lib/gcc/arm-none-eabi/12.1.0/../../../../arm-none-eabi/lib/armv6k/fpu\libg.a(lib_a-makebuf.o)
                0x000000000010c8b0                __swhatbuf_r
 .text.memalign
                0x000000000010c93c       0x20 c:/devkitpro/devkitarm/bin/../lib/gcc/arm-none-eabi/12.1.0/../../../../arm-none-eabi/lib/armv6k/fpu\libg.a(lib_a-malign.o)
                0x000000000010c93c                memalign
 .text._memalign_r
                0x000000000010c95c      0x14c c:/devkitpro/devkitarm/bin/../lib/gcc/arm-none-eabi/12.1.0/../../../../arm-none-eabi/lib/armv6k/fpu\libg.a(lib_a-malignr.o)
                0x000000000010c95c                _memalign_r
 .text.malloc   0x000000000010caa8       0x18 c:/devkitpro/devkitarm/bin/../lib/gcc/arm-none-eabi/12.1.0/../../../../arm-none-eabi/lib/armv6k/fpu\libg.a(lib_a-malloc.o)
                0x000000000010caa8                malloc
 .text.free     0x000000000010cac0       0x18 c:/devkitpro/devkitarm/bin/../lib/gcc/arm-none-eabi/12.1.0/../../../../arm-none-eabi/lib/armv6k/fpu\libg.a(lib_a-malloc.o)
                0x000000000010cac0                free
 .text._malloc_r
                0x000000000010cad8      0x7e4 c:/devkitpro/devkitarm/bin/../lib/gcc/arm-none-eabi/12.1.0/../../../../arm-none-eabi/lib/armv6k/fpu\libg.a(lib_a-mallocr.o)
                0x000000000010cad8                _malloc_r
 .text.memchr   0x000000000010d2bc       0xe4 c:/devkitpro/devkitarm/bin/../lib/gcc/arm-none-eabi/12.1.0/../../../../arm-none-eabi/lib/armv6k/fpu\libg.a(lib_a-memchr-stub.o)
                0x000000000010d2bc                memchr
 .text.memcpy   0x000000000010d3a0      0x118 c:/devkitpro/devkitarm/bin/../lib/gcc/arm-none-eabi/12.1.0/../../../../arm-none-eabi/lib/armv6k/fpu\libg.a(lib_a-memcpy-stub.o)
                0x000000000010d3a0                memcpy
 .text.memset   0x000000000010d4b8       0xf4 c:/devkitpro/devkitarm/bin/../lib/gcc/arm-none-eabi/12.1.0/../../../../arm-none-eabi/lib/armv6k/fpu\libg.a(lib_a-memset.o)
                0x000000000010d4b8                memset
 .text.__malloc_lock
                0x000000000010d5ac        0xc c:/devkitpro/devkitarm/bin/../lib/gcc/arm-none-eabi/12.1.0/../../../../arm-none-eabi/lib/armv6k/fpu\libg.a(lib_a-mlock.o)
                0x000000000010d5ac                __malloc_lock
 .text.__malloc_unlock
                0x000000000010d5b8        0xc c:/devkitpro/devkitarm/bin/../lib/gcc/arm-none-eabi/12.1.0/../../../../arm-none-eabi/lib/armv6k/fpu\libg.a(lib_a-mlock.o)
                0x000000000010d5b8                __malloc_unlock
 .text.printf   0x000000000010d5c4       0x34 c:/devkitpro/devkitarm/bin/../lib/gcc/arm-none-eabi/12.1.0/../../../../arm-none-eabi/lib/armv6k/fpu\libg.a(lib_a-printf.o)
                0x000000000010d5c4                printf
 .text._puts_r  0x000000000010d5f8       0xe0 c:/devkitpro/devkitarm/bin/../lib/gcc/arm-none-eabi/12.1.0/../../../../arm-none-eabi/lib/armv6k/fpu\libg.a(lib_a-puts.o)
                0x000000000010d5f8                _puts_r
 .text.puts     0x000000000010d6d8       0x18 c:/devkitpro/devkitarm/bin/../lib/gcc/arm-none-eabi/12.1.0/../../../../arm-none-eabi/lib/armv6k/fpu\libg.a(lib_a-puts.o)
                0x000000000010d6d8                puts
 .text.lflush   0x000000000010d6f0       0x1c c:/devkitpro/devkitarm/bin/../lib/gcc/arm-none-eabi/12.1.0/../../../../arm-none-eabi/lib/armv6k/fpu\libg.a(lib_a-refill.o)
 .text.__srefill_r
                0x000000000010d70c      0x198 c:/devkitpro/devkitarm/bin/../lib/gcc/arm-none-eabi/12.1.0/../../../../arm-none-eabi/lib/armv6k/fpu\libg.a(lib_a-refill.o)
                0x000000000010d70c                __srefill_r
 .text.setvbuf  0x000000000010d8a4      0x25c c:/devkitpro/devkitarm/bin/../lib/gcc/arm-none-eabi/12.1.0/../../../../arm-none-eabi/lib/armv6k/fpu\libg.a(lib_a-setvbuf.o)
                0x000000000010d8a4                setvbuf
 .text.sscanf   0x000000000010db00       0x74 c:/devkitpro/devkitarm/bin/../lib/gcc/arm-none-eabi/12.1.0/../../../../arm-none-eabi/lib/armv6k/fpu\libg.a(lib_a-sscanf.o)
                0x000000000010db00                sscanf
 .text.__sread  0x000000000010db74       0x44 c:/devkitpro/devkitarm/bin/../lib/gcc/arm-none-eabi/12.1.0/../../../../arm-none-eabi/lib/armv6k/fpu\libg.a(lib_a-stdio.o)
                0x000000000010db74                __sread
 .text.__seofread
                0x000000000010dbb8        0x8 c:/devkitpro/devkitarm/bin/../lib/gcc/arm-none-eabi/12.1.0/../../../../arm-none-eabi/lib/armv6k/fpu\libg.a(lib_a-stdio.o)
                0x000000000010dbb8                __seofread
 .text.__swrite
                0x000000000010dbc0       0x68 c:/devkitpro/devkitarm/bin/../lib/gcc/arm-none-eabi/12.1.0/../../../../arm-none-eabi/lib/armv6k/fpu\libg.a(lib_a-stdio.o)
                0x000000000010dbc0                __swrite
 .text.__sseek  0x000000000010dc28       0x44 c:/devkitpro/devkitarm/bin/../lib/gcc/arm-none-eabi/12.1.0/../../../../arm-none-eabi/lib/armv6k/fpu\libg.a(lib_a-stdio.o)
                0x000000000010dc28                __sseek
 .text.__sclose
                0x000000000010dc6c        0x8 c:/devkitpro/devkitarm/bin/../lib/gcc/arm-none-eabi/12.1.0/../../../../arm-none-eabi/lib/armv6k/fpu\libg.a(lib_a-stdio.o)
                0x000000000010dc6c                __sclose
 .text.strlen   0x000000000010dc74       0x5c c:/devkitpro/devkitarm/bin/../lib/gcc/arm-none-eabi/12.1.0/../../../../arm-none-eabi/lib/armv6k/fpu\libg.a(lib_a-strlen-stub.o)
                0x000000000010dc74                strlen
 .text.strncat  0x000000000010dcd0       0xe4 c:/devkitpro/devkitarm/bin/../lib/gcc/arm-none-eabi/12.1.0/../../../../arm-none-eabi/lib/armv6k/fpu\libg.a(lib_a-strncat.o)
                0x000000000010dcd0                strncat
 .text.strncmp  0x000000000010ddb4       0xe4 c:/devkitpro/devkitarm/bin/../lib/gcc/arm-none-eabi/12.1.0/../../../../arm-none-eabi/lib/armv6k/fpu\libg.a(lib_a-strncmp.o)
                0x000000000010ddb4                strncmp
 .text.strncpy  0x000000000010de98       0xc4 c:/devkitpro/devkitarm/bin/../lib/gcc/arm-none-eabi/12.1.0/../../../../arm-none-eabi/lib/armv6k/fpu\libg.a(lib_a-strncpy.o)
                0x000000000010de98                strncpy
 .text.strnlen  0x000000000010df5c       0x48 c:/devkitpro/devkitarm/bin/../lib/gcc/arm-none-eabi/12.1.0/../../../../arm-none-eabi/lib/armv6k/fpu\libg.a(lib_a-strnlen.o)
                0x000000000010df5c                strnlen
 .text._strtoul_l.constprop.0
                0x000000000010dfa4      0x1c4 c:/devkitpro/devkitarm/bin/../lib/gcc/arm-none-eabi/12.1.0/../../../../arm-none-eabi/lib/armv6k/fpu\libg.a(lib_a-strtoul.o)
 .text._strtoul_r
                0x000000000010e168        0x4 c:/devkitpro/devkitarm/bin/../lib/gcc/arm-none-eabi/12.1.0/../../../../arm-none-eabi/lib/armv6k/fpu\libg.a(lib_a-strtoul.o)
                0x000000000010e168                _strtoul_r
 .text.strtoul  0x000000000010e16c       0x28 c:/devkitpro/devkitarm/bin/../lib/gcc/arm-none-eabi/12.1.0/../../../../arm-none-eabi/lib/armv6k/fpu\libg.a(lib_a-strtoul.o)
                0x000000000010e16c                strtoul
 .text.get_arg  0x000000000010e194       0x50 c:/devkitpro/devkitarm/bin/../lib/gcc/arm-none-eabi/12.1.0/../../../../arm-none-eabi/lib/armv6k/fpu\libg.a(lib_a-svfscanf.o)
 .text.__ssvfscanf_r
                0x000000000010e1e4     0x2c38 c:/devkitpro/devkitarm/bin/../lib/gcc/arm-none-eabi/12.1.0/../../../../arm-none-eabi/lib/armv6k/fpu\libg.a(lib_a-svfscanf.o)
                0x000000000010e1e4                __ssvfscanf_r
 .text.get_arg  0x0000000000110e1c      0x66c c:/devkitpro/devkitarm/bin/../lib/gcc/arm-none-eabi/12.1.0/../../../../arm-none-eabi/lib/armv6k/fpu\libg.a(lib_a-vfprintf.o)
 .text._vfprintf_r
                0x0000000000111488     0x339c c:/devkitpro/devkitarm/bin/../lib/gcc/arm-none-eabi/12.1.0/../../../../arm-none-eabi/lib/armv6k/fpu\libg.a(lib_a-vfprintf.o)
                0x0000000000111488                _vfprintf_r
 .text.__sbprintf
                0x0000000000114824       0xd0 c:/devkitpro/devkitarm/bin/../lib/gcc/arm-none-eabi/12.1.0/../../../../arm-none-eabi/lib/armv6k/fpu\libg.a(lib_a-vfprintf.o)
 .text._wcrtomb_r
                0x00000000001148f4       0x54 c:/devkitpro/devkitarm/bin/../lib/gcc/arm-none-eabi/12.1.0/../../../../arm-none-eabi/lib/armv6k/fpu\libg.a(lib_a-wcrtomb.o)
                0x00000000001148f4                _wcrtomb_r
 .text._wcsrtombs_r
                0x0000000000114948       0x28 c:/devkitpro/devkitarm/bin/../lib/gcc/arm-none-eabi/12.1.0/../../../../arm-none-eabi/lib/armv6k/fpu\libg.a(lib_a-wcsrtombs.o)
                0x0000000000114948                _wcsrtombs_r
 .text.__swsetup_r
                0x0000000000114970      0x13c c:/devkitpro/devkitarm/bin/../lib/gcc/arm-none-eabi/12.1.0/../../../../arm-none-eabi/lib/armv6k/fpu\libg.a(lib_a-wsetup.o)
                0x0000000000114970                __swsetup_r
 .text.__call_exitprocs
                0x0000000000114aac      0x114 c:/devkitpro/devkitarm/bin/../lib/gcc/arm-none-eabi/12.1.0/../../../../arm-none-eabi/lib/armv6k/fpu\libg.a(lib_a-__call_atexit.o)
                0x0000000000114aac                __call_exitprocs
 .text.quorem   0x0000000000114bc0      0x1b0 c:/devkitpro/devkitarm/bin/../lib/gcc/arm-none-eabi/12.1.0/../../../../arm-none-eabi/lib/armv6k/fpu\libg.a(lib_a-dtoa.o)
 .text._dtoa_r  0x0000000000114d70     0x11f8 c:/devkitpro/devkitarm/bin/../lib/gcc/arm-none-eabi/12.1.0/../../../../arm-none-eabi/lib/armv6k/fpu\libg.a(lib_a-dtoa.o)
                0x0000000000114d70                _dtoa_r
 .text.__sflags
                0x0000000000115f68       0xc8 c:/devkitpro/devkitarm/bin/../lib/gcc/arm-none-eabi/12.1.0/../../../../arm-none-eabi/lib/armv6k/fpu\libg.a(lib_a-flags.o)
                0x0000000000115f68                __sflags
 .text.__sfvwrite_r
                0x0000000000116030      0x4b4 c:/devkitpro/devkitarm/bin/../lib/gcc/arm-none-eabi/12.1.0/../../../../arm-none-eabi/lib/armv6k/fpu\libg.a(lib_a-fvwrite.o)
                0x0000000000116030                __sfvwrite_r
 .text.iswspace
                0x00000000001164e4        0x8 c:/devkitpro/devkitarm/bin/../lib/gcc/arm-none-eabi/12.1.0/../../../../arm-none-eabi/lib/armv6k/fpu\libg.a(lib_a-iswspace.o)
                0x00000000001164e4                iswspace
 .text._localeconv_r
                0x00000000001164ec        0xc c:/devkitpro/devkitarm/bin/../lib/gcc/arm-none-eabi/12.1.0/../../../../arm-none-eabi/lib/armv6k/fpu\libg.a(lib_a-localeconv.o)
                0x00000000001164ec                _localeconv_r
 .text.__locale_mb_cur_max
                0x00000000001164f8       0x10 c:/devkitpro/devkitarm/bin/../lib/gcc/arm-none-eabi/12.1.0/../../../../arm-none-eabi/lib/armv6k/fpu\libg.a(lib_a-locale.o)
                0x00000000001164f8                __locale_mb_cur_max
 .text._mbrtowc_r
                0x0000000000116508       0x68 c:/devkitpro/devkitarm/bin/../lib/gcc/arm-none-eabi/12.1.0/../../../../arm-none-eabi/lib/armv6k/fpu\libg.a(lib_a-mbrtowc.o)
                0x0000000000116508                _mbrtowc_r
 .text.__utf8_mbtowc
                0x0000000000116570      0x2f8 c:/devkitpro/devkitarm/bin/../lib/gcc/arm-none-eabi/12.1.0/../../../../arm-none-eabi/lib/armv6k/fpu\libg.a(lib_a-mbtowc_r.o)
                0x0000000000116570                __utf8_mbtowc
 .text.memmove  0x0000000000116868      0x150 c:/devkitpro/devkitarm/bin/../lib/gcc/arm-none-eabi/12.1.0/../../../../arm-none-eabi/lib/armv6k/fpu\libg.a(lib_a-memmove.o)
                0x0000000000116868                memmove
 .text._Balloc  0x00000000001169b8       0x88 c:/devkitpro/devkitarm/bin/../lib/gcc/arm-none-eabi/12.1.0/../../../../arm-none-eabi/lib/armv6k/fpu\libg.a(lib_a-mprec.o)
                0x00000000001169b8                _Balloc
 .text._Bfree   0x0000000000116a40       0x1c c:/devkitpro/devkitarm/bin/../lib/gcc/arm-none-eabi/12.1.0/../../../../arm-none-eabi/lib/armv6k/fpu\libg.a(lib_a-mprec.o)
                0x0000000000116a40                _Bfree
 .text.__multadd
                0x0000000000116a5c       0xf4 c:/devkitpro/devkitarm/bin/../lib/gcc/arm-none-eabi/12.1.0/../../../../arm-none-eabi/lib/armv6k/fpu\libg.a(lib_a-mprec.o)
                0x0000000000116a5c                __multadd
 .text.__s2b    0x0000000000116b50      0x110 c:/devkitpro/devkitarm/bin/../lib/gcc/arm-none-eabi/12.1.0/../../../../arm-none-eabi/lib/armv6k/fpu\libg.a(lib_a-mprec.o)
                0x0000000000116b50                __s2b
 .text.__hi0bits
                0x0000000000116c60       0x60 c:/devkitpro/devkitarm/bin/../lib/gcc/arm-none-eabi/12.1.0/../../../../arm-none-eabi/lib/armv6k/fpu\libg.a(lib_a-mprec.o)
                0x0000000000116c60                __hi0bits
 .text.__lo0bits
                0x0000000000116cc0       0x9c c:/devkitpro/devkitarm/bin/../lib/gcc/arm-none-eabi/12.1.0/../../../../arm-none-eabi/lib/armv6k/fpu\libg.a(lib_a-mprec.o)
                0x0000000000116cc0                __lo0bits
 .text.__i2b    0x0000000000116d5c       0xa8 c:/devkitpro/devkitarm/bin/../lib/gcc/arm-none-eabi/12.1.0/../../../../arm-none-eabi/lib/armv6k/fpu\libg.a(lib_a-mprec.o)
                0x0000000000116d5c                __i2b
 .text.__multiply
                0x0000000000116e04      0x204 c:/devkitpro/devkitarm/bin/../lib/gcc/arm-none-eabi/12.1.0/../../../../arm-none-eabi/lib/armv6k/fpu\libg.a(lib_a-mprec.o)
                0x0000000000116e04                __multiply
 .text.__pow5mult
                0x0000000000117008      0x124 c:/devkitpro/devkitarm/bin/../lib/gcc/arm-none-eabi/12.1.0/../../../../arm-none-eabi/lib/armv6k/fpu\libg.a(lib_a-mprec.o)
                0x0000000000117008                __pow5mult
 .text.__lshift
                0x000000000011712c      0x140 c:/devkitpro/devkitarm/bin/../lib/gcc/arm-none-eabi/12.1.0/../../../../arm-none-eabi/lib/armv6k/fpu\libg.a(lib_a-mprec.o)
                0x000000000011712c                __lshift
 .text.__mcmp   0x000000000011726c       0x58 c:/devkitpro/devkitarm/bin/../lib/gcc/arm-none-eabi/12.1.0/../../../../arm-none-eabi/lib/armv6k/fpu\libg.a(lib_a-mprec.o)
                0x000000000011726c                __mcmp
 .text.__mdiff  0x00000000001172c4      0x1ec c:/devkitpro/devkitarm/bin/../lib/gcc/arm-none-eabi/12.1.0/../../../../arm-none-eabi/lib/armv6k/fpu\libg.a(lib_a-mprec.o)
                0x00000000001172c4                __mdiff
 .text.__ulp    0x00000000001174b0       0x68 c:/devkitpro/devkitarm/bin/../lib/gcc/arm-none-eabi/12.1.0/../../../../arm-none-eabi/lib/armv6k/fpu\libg.a(lib_a-mprec.o)
                0x00000000001174b0                __ulp
 .text.__b2d    0x0000000000117518       0xd0 c:/devkitpro/devkitarm/bin/../lib/gcc/arm-none-eabi/12.1.0/../../../../arm-none-eabi/lib/armv6k/fpu\libg.a(lib_a-mprec.o)
                0x0000000000117518                __b2d
 .text.__d2b    0x00000000001175e8      0x120 c:/devkitpro/devkitarm/bin/../lib/gcc/arm-none-eabi/12.1.0/../../../../arm-none-eabi/lib/armv6k/fpu\libg.a(lib_a-mprec.o)
                0x00000000001175e8                __d2b
 .text.__ratio  0x0000000000117708       0x78 c:/devkitpro/devkitarm/bin/../lib/gcc/arm-none-eabi/12.1.0/../../../../arm-none-eabi/lib/armv6k/fpu\libg.a(lib_a-mprec.o)
                0x0000000000117708                __ratio
 .text.__copybits
                0x0000000000117780       0x88 c:/devkitpro/devkitarm/bin/../lib/gcc/arm-none-eabi/12.1.0/../../../../arm-none-eabi/lib/armv6k/fpu\libg.a(lib_a-mprec.o)
                0x0000000000117780                __copybits
 .text.__any_on
                0x0000000000117808       0x5c c:/devkitpro/devkitarm/bin/../lib/gcc/arm-none-eabi/12.1.0/../../../../arm-none-eabi/lib/armv6k/fpu\libg.a(lib_a-mprec.o)
                0x0000000000117808                __any_on
 .text.realloc  0x0000000000117864       0x20 c:/devkitpro/devkitarm/bin/../lib/gcc/arm-none-eabi/12.1.0/../../../../arm-none-eabi/lib/armv6k/fpu\libg.a(lib_a-realloc.o)
                0x0000000000117864                realloc
 .text._realloc_r
                0x0000000000117884      0x4a0 c:/devkitpro/devkitarm/bin/../lib/gcc/arm-none-eabi/12.1.0/../../../../arm-none-eabi/lib/armv6k/fpu\libg.a(lib_a-reallocr.o)
                0x0000000000117884                _realloc_r
 .text.__sccl   0x0000000000117d24       0xf4 c:/devkitpro/devkitarm/bin/../lib/gcc/arm-none-eabi/12.1.0/../../../../arm-none-eabi/lib/armv6k/fpu\libg.a(lib_a-sccl.o)
                0x0000000000117d24                __sccl
 .text.nanf     0x0000000000117e18        0xc c:/devkitpro/devkitarm/bin/../lib/gcc/arm-none-eabi/12.1.0/../../../../arm-none-eabi/lib/armv6k/fpu\libg.a(lib_a-sf_nan.o)
                0x0000000000117e18                nanf
 *fill*         0x0000000000117e24        0x4 
 .text.frexp    0x0000000000117e28       0x88 c:/devkitpro/devkitarm/bin/../lib/gcc/arm-none-eabi/12.1.0/../../../../arm-none-eabi/lib/armv6k/fpu\libg.a(lib_a-s_frexp.o)
                0x0000000000117e28                frexp
 .text.sprintf  0x0000000000117eb0       0x64 c:/devkitpro/devkitarm/bin/../lib/gcc/arm-none-eabi/12.1.0/../../../../arm-none-eabi/lib/armv6k/fpu\libg.a(lib_a-sprintf.o)
                0x0000000000117eb0                sprintf
 .text.stpncpy  0x0000000000117f14       0xcc c:/devkitpro/devkitarm/bin/../lib/gcc/arm-none-eabi/12.1.0/../../../../arm-none-eabi/lib/armv6k/fpu\libg.a(lib_a-stpncpy.o)
                0x0000000000117f14                stpncpy
 .text.strchr   0x0000000000117fe0      0x130 c:/devkitpro/devkitarm/bin/../lib/gcc/arm-none-eabi/12.1.0/../../../../arm-none-eabi/lib/armv6k/fpu\libg.a(lib_a-strchr.o)
                0x0000000000117fe0                strchr
 .text.sulp     0x0000000000118110       0x64 c:/devkitpro/devkitarm/bin/../lib/gcc/arm-none-eabi/12.1.0/../../../../arm-none-eabi/lib/armv6k/fpu\libg.a(lib_a-strtod.o)
 *fill*         0x0000000000118174        0x4 
 .text._strtod_l
                0x0000000000118178     0x13a8 c:/devkitpro/devkitarm/bin/../lib/gcc/arm-none-eabi/12.1.0/../../../../arm-none-eabi/lib/armv6k/fpu\libg.a(lib_a-strtod.o)
                0x0000000000118178                _strtod_l
 .text._strtod_r
                0x0000000000119520        0xc c:/devkitpro/devkitarm/bin/../lib/gcc/arm-none-eabi/12.1.0/../../../../arm-none-eabi/lib/armv6k/fpu\libg.a(lib_a-strtod.o)
                0x0000000000119520                _strtod_r
 .text._strtoll_l.constprop.0
                0x000000000011952c      0x22c c:/devkitpro/devkitarm/bin/../lib/gcc/arm-none-eabi/12.1.0/../../../../arm-none-eabi/lib/armv6k/fpu\libg.a(lib_a-strtoll.o)
 .text._strtoll_r
                0x0000000000119758        0x4 c:/devkitpro/devkitarm/bin/../lib/gcc/arm-none-eabi/12.1.0/../../../../arm-none-eabi/lib/armv6k/fpu\libg.a(lib_a-strtoll.o)
                0x0000000000119758                _strtoll_r
 .text._strtol_l.part.0
                0x000000000011975c      0x1a4 c:/devkitpro/devkitarm/bin/../lib/gcc/arm-none-eabi/12.1.0/../../../../arm-none-eabi/lib/armv6k/fpu\libg.a(lib_a-strtol.o)
 .text._strtol_r
                0x0000000000119900       0x3c c:/devkitpro/devkitarm/bin/../lib/gcc/arm-none-eabi/12.1.0/../../../../arm-none-eabi/lib/armv6k/fpu\libg.a(lib_a-strtol.o)
                0x0000000000119900                _strtol_r
 .text._strtoull_l.constprop.0
                0x000000000011993c      0x244 c:/devkitpro/devkitarm/bin/../lib/gcc/arm-none-eabi/12.1.0/../../../../arm-none-eabi/lib/armv6k/fpu\libg.a(lib_a-strtoull.o)
 .text._strtoull_r
                0x0000000000119b80        0x4 c:/devkitpro/devkitarm/bin/../lib/gcc/arm-none-eabi/12.1.0/../../../../arm-none-eabi/lib/armv6k/fpu\libg.a(lib_a-strtoull.o)
                0x0000000000119b80                _strtoull_r
 .text.__ssprint_r
                0x0000000000119b84      0x188 c:/devkitpro/devkitarm/bin/../lib/gcc/arm-none-eabi/12.1.0/../../../../arm-none-eabi/lib/armv6k/fpu\libg.a(lib_a-svfiprintf.o)
                0x0000000000119b84                __ssprint_r
 .text._sungetc_r
                0x0000000000119d0c       0xd4 c:/devkitpro/devkitarm/bin/../lib/gcc/arm-none-eabi/12.1.0/../../../../arm-none-eabi/lib/armv6k/fpu\libg.a(lib_a-svfiscanf.o)
                0x0000000000119d0c                _sungetc_r
 .text.__ssrefill_r
                0x0000000000119de0       0x6c c:/devkitpro/devkitarm/bin/../lib/gcc/arm-none-eabi/12.1.0/../../../../arm-none-eabi/lib/armv6k/fpu\libg.a(lib_a-svfiscanf.o)
                0x0000000000119de0                __ssrefill_r
 .text._sfread_r
                0x0000000000119e4c       0xc4 c:/devkitpro/devkitarm/bin/../lib/gcc/arm-none-eabi/12.1.0/../../../../arm-none-eabi/lib/armv6k/fpu\libg.a(lib_a-svfiscanf.o)
                0x0000000000119e4c                _sfread_r
 .text.get_arg  0x0000000000119f10      0x66c c:/devkitpro/devkitarm/bin/../lib/gcc/arm-none-eabi/12.1.0/../../../../arm-none-eabi/lib/armv6k/fpu\libg.a(lib_a-svfprintf.o)
 *fill*         0x000000000011a57c        0x4 
 .text._svfprintf_r
                0x000000000011a580     0x3334 c:/devkitpro/devkitarm/bin/../lib/gcc/arm-none-eabi/12.1.0/../../../../arm-none-eabi/lib/armv6k/fpu\libg.a(lib_a-svfprintf.o)
                0x000000000011a580                _svfprintf_r
 .text.__submore
                0x000000000011d8b4       0xa8 c:/devkitpro/devkitarm/bin/../lib/gcc/arm-none-eabi/12.1.0/../../../../arm-none-eabi/lib/armv6k/fpu\libg.a(lib_a-ungetc.o)
                0x000000000011d8b4                __submore
 .text.get_arg  0x000000000011d95c      0x66c c:/devkitpro/devkitarm/bin/../lib/gcc/arm-none-eabi/12.1.0/../../../../arm-none-eabi/lib/armv6k/fpu\libg.a(lib_a-vfiprintf.o)
 .text.__sprint_r
                0x000000000011dfc8       0x30 c:/devkitpro/devkitarm/bin/../lib/gcc/arm-none-eabi/12.1.0/../../../../arm-none-eabi/lib/armv6k/fpu\libg.a(lib_a-vfiprintf.o)
                0x000000000011dfc8                __sprint_r
 .text._vfiprintf_r
                0x000000000011dff8     0x22ec c:/devkitpro/devkitarm/bin/../lib/gcc/arm-none-eabi/12.1.0/../../../../arm-none-eabi/lib/armv6k/fpu\libg.a(lib_a-vfiprintf.o)
                0x000000000011dff8                _vfiprintf_r
 .text.__sbprintf
                0x00000000001202e4       0xd0 c:/devkitpro/devkitarm/bin/../lib/gcc/arm-none-eabi/12.1.0/../../../../arm-none-eabi/lib/armv6k/fpu\libg.a(lib_a-vfiprintf.o)
 .text._wcsnrtombs_l
                0x00000000001203b4      0x188 c:/devkitpro/devkitarm/bin/../lib/gcc/arm-none-eabi/12.1.0/../../../../arm-none-eabi/lib/armv6k/fpu\libg.a(lib_a-wcsnrtombs.o)
                0x00000000001203b4                _wcsnrtombs_l
 .text._wcsnrtombs_r
                0x000000000012053c       0x4c c:/devkitpro/devkitarm/bin/../lib/gcc/arm-none-eabi/12.1.0/../../../../arm-none-eabi/lib/armv6k/fpu\libg.a(lib_a-wcsnrtombs.o)
                0x000000000012053c                _wcsnrtombs_r
 .text.__utf8_wctomb
                0x0000000000120588       0xf0 c:/devkitpro/devkitarm/bin/../lib/gcc/arm-none-eabi/12.1.0/../../../../arm-none-eabi/lib/armv6k/fpu\libg.a(lib_a-wctomb_r.o)
                0x0000000000120588                __utf8_wctomb
 .text.__assert_func
                0x0000000000120678       0x5c c:/devkitpro/devkitarm/bin/../lib/gcc/arm-none-eabi/12.1.0/../../../../arm-none-eabi/lib/armv6k/fpu\libg.a(lib_a-assert.o)
                0x0000000000120678                __assert_func
 .text.fiprintf
                0x00000000001206d4       0x3c c:/devkitpro/devkitarm/bin/../lib/gcc/arm-none-eabi/12.1.0/../../../../arm-none-eabi/lib/armv6k/fpu\libg.a(lib_a-fiprintf.o)
                0x00000000001206d4                fiprintf
 .text.rshift   0x0000000000120710       0xf0 c:/devkitpro/devkitarm/bin/../lib/gcc/arm-none-eabi/12.1.0/../../../../arm-none-eabi/lib/armv6k/fpu\libg.a(lib_a-gdtoa-gethex.o)
 .text.__gethex
                0x0000000000120800      0x814 c:/devkitpro/devkitarm/bin/../lib/gcc/arm-none-eabi/12.1.0/../../../../arm-none-eabi/lib/armv6k/fpu\libg.a(lib_a-gdtoa-gethex.o)
                0x0000000000120800                __gethex
 .text.__match  0x0000000000121014       0x4c c:/devkitpro/devkitarm/bin/../lib/gcc/arm-none-eabi/12.1.0/../../../../arm-none-eabi/lib/armv6k/fpu\libg.a(lib_a-gdtoa-hexnan.o)
                0x0000000000121014                __match
 .text.__hexnan
                0x0000000000121060      0x29c c:/devkitpro/devkitarm/bin/../lib/gcc/arm-none-eabi/12.1.0/../../../../arm-none-eabi/lib/armv6k/fpu\libg.a(lib_a-gdtoa-hexnan.o)
                0x0000000000121060                __hexnan
 .text.iswspace_l
                0x00000000001212fc       0x3c c:/devkitpro/devkitarm/bin/../lib/gcc/arm-none-eabi/12.1.0/../../../../arm-none-eabi/lib/armv6k/fpu\libg.a(lib_a-iswspace_l.o)
                0x00000000001212fc                iswspace_l
 .text.__jp2uc  0x0000000000121338      0x1d8 c:/devkitpro/devkitarm/bin/../lib/gcc/arm-none-eabi/12.1.0/../../../../arm-none-eabi/lib/armv6k/fpu\libg.a(lib_a-jp2uc.o)
 .text._jp2uc_l
                0x0000000000121510       0x9c c:/devkitpro/devkitarm/bin/../lib/gcc/arm-none-eabi/12.1.0/../../../../arm-none-eabi/lib/armv6k/fpu\libg.a(lib_a-jp2uc.o)
                0x0000000000121510                _jp2uc_l
 *fill*         0x00000000001215ac        0x4 
 .text.nan      0x00000000001215b0       0x10 c:/devkitpro/devkitarm/bin/../lib/gcc/arm-none-eabi/12.1.0/../../../../arm-none-eabi/lib/armv6k/fpu\libg.a(lib_a-s_nan.o)
                0x00000000001215b0                nan
 .text.abort    0x00000000001215c0       0x14 c:/devkitpro/devkitarm/bin/../lib/gcc/arm-none-eabi/12.1.0/../../../../arm-none-eabi/lib/armv6k/fpu\libg.a(lib_a-abort.o)
                0x00000000001215c0                abort
 .text.category
                0x00000000001215d4       0x8c c:/devkitpro/devkitarm/bin/../lib/gcc/arm-none-eabi/12.1.0/../../../../arm-none-eabi/lib/armv6k/fpu\libg.a(lib_a-categories.o)
                0x00000000001215d4                category
 .text._raise_r
                0x0000000000121660       0x90 c:/devkitpro/devkitarm/bin/../lib/gcc/arm-none-eabi/12.1.0/../../../../arm-none-eabi/lib/armv6k/fpu\libg.a(lib_a-signal.o)
                0x0000000000121660                _raise_r
 .text.raise    0x00000000001216f0       0x18 c:/devkitpro/devkitarm/bin/../lib/gcc/arm-none-eabi/12.1.0/../../../../arm-none-eabi/lib/armv6k/fpu\libg.a(lib_a-signal.o)
                0x00000000001216f0                raise
 .text.null_write
                0x0000000000121708        0x8 c:/devkitpro/devkitarm/bin/../lib/gcc/arm-none-eabi/12.1.0/../../../../arm-none-eabi/lib/armv6k/fpu\libsysbase.a(iosupport.o)
 .text.setDefaultDevice
                0x0000000000121710       0x18 c:/devkitpro/devkitarm/bin/../lib/gcc/arm-none-eabi/12.1.0/../../../../arm-none-eabi/lib/armv6k/fpu\libsysbase.a(iosupport.o)
                0x0000000000121710                setDefaultDevice
 .text.FindDevice
                0x0000000000121728       0xc8 c:/devkitpro/devkitarm/bin/../lib/gcc/arm-none-eabi/12.1.0/../../../../arm-none-eabi/lib/armv6k/fpu\libsysbase.a(iosupport.o)
                0x0000000000121728                FindDevice
 .text.RemoveDevice
                0x00000000001217f0       0x28 c:/devkitpro/devkitarm/bin/../lib/gcc/arm-none-eabi/12.1.0/../../../../arm-none-eabi/lib/armv6k/fpu\libsysbase.a(iosupport.o)
                0x00000000001217f0                RemoveDevice
 .text.AddDevice
                0x0000000000121818       0x9c c:/devkitpro/devkitarm/bin/../lib/gcc/arm-none-eabi/12.1.0/../../../../arm-none-eabi/lib/armv6k/fpu\libsysbase.a(iosupport.o)
                0x0000000000121818                AddDevice
 .text.GetDeviceOpTab
                0x00000000001218b4       0x20 c:/devkitpro/devkitarm/bin/../lib/gcc/arm-none-eabi/12.1.0/../../../../arm-none-eabi/lib/armv6k/fpu\libsysbase.a(iosupport.o)
                0x00000000001218b4                GetDeviceOpTab
 .text._fstat_r
                0x00000000001218d4       0x78 c:/devkitpro/devkitarm/bin/../lib/gcc/arm-none-eabi/12.1.0/../../../../arm-none-eabi/lib/armv6k/fpu\libsysbase.a(fstat.o)
                0x00000000001218d4                _fstat_r
 .text._getpid_r
                0x000000000012194c       0x14 c:/devkitpro/devkitarm/bin/../lib/gcc/arm-none-eabi/12.1.0/../../../../arm-none-eabi/lib/armv6k/fpu\libsysbase.a(getpid.o)
                0x000000000012194c                _getpid_r
 .text._isatty_r
                0x0000000000121960        0x8 c:/devkitpro/devkitarm/bin/../lib/gcc/arm-none-eabi/12.1.0/../../../../arm-none-eabi/lib/armv6k/fpu\libsysbase.a(isatty.o)
                0x0000000000121960                _isatty_r
 .text._kill_r  0x0000000000121968       0x14 c:/devkitpro/devkitarm/bin/../lib/gcc/arm-none-eabi/12.1.0/../../../../arm-none-eabi/lib/armv6k/fpu\libsysbase.a(kill.o)
                0x0000000000121968                _kill_r
 .text._lseek_r
                0x000000000012197c       0x84 c:/devkitpro/devkitarm/bin/../lib/gcc/arm-none-eabi/12.1.0/../../../../arm-none-eabi/lib/armv6k/fpu\libsysbase.a(lseek.o)
                0x000000000012197c                _lseek_r
 .text._open_r  0x0000000000121a00       0xc0 c:/devkitpro/devkitarm/bin/../lib/gcc/arm-none-eabi/12.1.0/../../../../arm-none-eabi/lib/armv6k/fpu\libsysbase.a(open.o)
                0x0000000000121a00                _open_r
 .text._read_r  0x0000000000121ac0       0x80 c:/devkitpro/devkitarm/bin/../lib/gcc/arm-none-eabi/12.1.0/../../../../arm-none-eabi/lib/armv6k/fpu\libsysbase.a(read.o)
                0x0000000000121ac0                _read_r
 .text._sbrk_r  0x0000000000121b40       0x78 c:/devkitpro/devkitarm/bin/../lib/gcc/arm-none-eabi/12.1.0/../../../../arm-none-eabi/lib/armv6k/fpu\libsysbase.a(sbrk.o)
                0x0000000000121b40                _sbrk_r
 .text._write_r
                0x0000000000121bb8       0x80 c:/devkitpro/devkitarm/bin/../lib/gcc/arm-none-eabi/12.1.0/../../../../arm-none-eabi/lib/armv6k/fpu\libsysbase.a(write.o)
                0x0000000000121bb8                _write_r
 .text._exit    0x0000000000121c38       0x20 c:/devkitpro/devkitarm/bin/../lib/gcc/arm-none-eabi/12.1.0/../../../../arm-none-eabi/lib/armv6k/fpu\libsysbase.a(_exit.o)
                0x0000000000121c38                _exit
 .text._concatenate_path
                0x0000000000121c58      0x1a4 c:/devkitpro/devkitarm/bin/../lib/gcc/arm-none-eabi/12.1.0/../../../../arm-none-eabi/lib/armv6k/fpu\libsysbase.a(chdir.o)
                0x0000000000121c58                _concatenate_path
 .text.chdir    0x0000000000121dfc      0x140 c:/devkitpro/devkitarm/bin/../lib/gcc/arm-none-eabi/12.1.0/../../../../arm-none-eabi/lib/armv6k/fpu\libsysbase.a(chdir.o)
                0x0000000000121dfc                chdir
 .text.__flockfile
                0x0000000000121f3c        0x8 c:/devkitpro/devkitarm/bin/../lib/gcc/arm-none-eabi/12.1.0/../../../../arm-none-eabi/lib/armv6k/fpu\libsysbase.a(flock.o)
                0x0000000000121f3c                __flockfile
 .text.__funlockfile
                0x0000000000121f44        0x8 c:/devkitpro/devkitarm/bin/../lib/gcc/arm-none-eabi/12.1.0/../../../../arm-none-eabi/lib/armv6k/fpu\libsysbase.a(flock.o)
                0x0000000000121f44                __funlockfile
 .text.__release_handle
                0x0000000000121f4c       0x8c c:/devkitpro/devkitarm/bin/../lib/gcc/arm-none-eabi/12.1.0/../../../../arm-none-eabi/lib/armv6k/fpu\libsysbase.a(handle_manager.o)
                0x0000000000121f4c                __release_handle
 .text.__alloc_handle
                0x0000000000121fd8       0xb0 c:/devkitpro/devkitarm/bin/../lib/gcc/arm-none-eabi/12.1.0/../../../../arm-none-eabi/lib/armv6k/fpu\libsysbase.a(handle_manager.o)
                0x0000000000121fd8                __alloc_handle
 .text.__get_handle
                0x0000000000122088       0x3c c:/devkitpro/devkitarm/bin/../lib/gcc/arm-none-eabi/12.1.0/../../../../arm-none-eabi/lib/armv6k/fpu\libsysbase.a(handle_manager.o)
                0x0000000000122088                __get_handle
 .text._close_r
                0x00000000001220c4       0xf4 c:/devkitpro/devkitarm/bin/../lib/gcc/arm-none-eabi/12.1.0/../../../../arm-none-eabi/lib/armv6k/fpu\libsysbase.a(handle_manager.o)
                0x00000000001220c4                _close_r
 .text.__getreent
                0x00000000001221b8       0x2c c:/devkitpro/devkitarm/bin/../lib/gcc/arm-none-eabi/12.1.0/../../../../arm-none-eabi/lib/armv6k/fpu\libsysbase.a(getreent.o)
                0x00000000001221b8                __getreent
 .text.__libc_lock_acquire
                0x00000000001221e4       0x1c c:/devkitpro/devkitarm/bin/../lib/gcc/arm-none-eabi/12.1.0/../../../../arm-none-eabi/lib/armv6k/fpu\libsysbase.a(syscall_support.o)
                0x00000000001221e4                __libc_lock_acquire
 .text.__libc_lock_release
                0x0000000000122200       0x1c c:/devkitpro/devkitarm/bin/../lib/gcc/arm-none-eabi/12.1.0/../../../../arm-none-eabi/lib/armv6k/fpu\libsysbase.a(syscall_support.o)
                0x0000000000122200                __libc_lock_release
 .text.__libc_lock_init_recursive
                0x000000000012221c       0x1c c:/devkitpro/devkitarm/bin/../lib/gcc/arm-none-eabi/12.1.0/../../../../arm-none-eabi/lib/armv6k/fpu\libsysbase.a(syscall_support.o)
                0x000000000012221c                __libc_lock_init_recursive
 .text.__libc_lock_acquire_recursive
                0x0000000000122238       0x1c c:/devkitpro/devkitarm/bin/../lib/gcc/arm-none-eabi/12.1.0/../../../../arm-none-eabi/lib/armv6k/fpu\libsysbase.a(syscall_support.o)
                0x0000000000122238                __libc_lock_acquire_recursive
 .text.__libc_lock_release_recursive
                0x0000000000122254       0x1c c:/devkitpro/devkitarm/bin/../lib/gcc/arm-none-eabi/12.1.0/../../../../arm-none-eabi/lib/armv6k/fpu\libsysbase.a(syscall_support.o)
                0x0000000000122254                __libc_lock_release_recursive
 .text.__libc_lock_close_recursive
                0x0000000000122270       0x1c c:/devkitpro/devkitarm/bin/../lib/gcc/arm-none-eabi/12.1.0/../../../../arm-none-eabi/lib/armv6k/fpu\libsysbase.a(syscall_support.o)
                0x0000000000122270                __libc_lock_close_recursive
 .text.__fixdfdi
                0x000000000012228c       0x38 c:/devkitpro/devkitarm/bin/../lib/gcc/arm-none-eabi/12.1.0/armv6k/fpu\libgcc.a(_fixdfdi.o)
                0x000000000012228c                __fixdfdi
                0x000000000012228c                __aeabi_d2lz
 *fill*         0x00000000001222c4        0x4 
 .text.__fixunsdfdi
                0x00000000001222c8       0x40 c:/devkitpro/devkitarm/bin/../lib/gcc/arm-none-eabi/12.1.0/armv6k/fpu\libgcc.a(_fixunsdfdi.o)
                0x00000000001222c8                __fixunsdfdi
                0x00000000001222c8                __aeabi_d2ulz
 .text.strrchr  0x0000000000122308       0x48 c:/devkitpro/devkitarm/bin/../lib/gcc/arm-none-eabi/12.1.0/../../../../arm-none-eabi/lib/armv6k/fpu\libg.a(lib_a-strrchr.o)
                0x0000000000122308                strrchr
 *(.glue_7)
 .glue_7        0x0000000000122350        0x0 linker stubs
 *(.glue_7t)
 .glue_7t       0x0000000000122350        0x0 linker stubs
 *(.stub)
 *(.gnu.warning)
 *(.gnu.linkonce.t*)
                0x0000000000122350                . = ALIGN (0x4)
 *(.fini)
 .fini          0x0000000000122350        0xc c:/devkitpro/devkitarm/bin/../lib/gcc/arm-none-eabi/12.1.0/armv6k/fpu/crti.o
                0x0000000000122350                _fini
 .fini          0x000000000012235c        0xc c:/devkitpro/devkitarm/bin/../lib/gcc/arm-none-eabi/12.1.0/armv6k/fpu/crtn.o
                0x0000000000122368                . = ALIGN (0x4)

.vfp11_veneer   0x0000000000122368        0x0
 .vfp11_veneer  0x0000000000122368        0x0 linker stubs

.v4_bx          0x0000000000122368        0x0
 .v4_bx         0x0000000000122368        0x0 linker stubs

.iplt           0x0000000000122368        0x0
 .iplt          0x0000000000122368        0x0 c:/devkitpro/devkitarm/bin/../lib/gcc/arm-none-eabi/12.1.0/../../../../arm-none-eabi/lib/armv6k/fpu/3dsx_crt0.o
                0x0000000000123000                . = ALIGN (0x1000)

.rodata         0x0000000000123000     0x7f30
 *(.rodata)
 .rodata        0x0000000000123000        0x3 C:/devkitPro/libctru/lib\libctru.a(apt.o)
 *fill*         0x0000000000123003        0x1 
 .rodata        0x0000000000123004        0xc C:/devkitPro/libctru/lib\libctru.a(archive_dev.o)
 *(.roda)
 *(.rodata.*)
 .rodata.str1.4
                0x0000000000123010      0x286 main.o
 *fill*         0x0000000000123296        0x2 
 .rodata.parseColor.str1.4
                0x0000000000123298       0x1b C:/devkitPro/libctru/lib\libctru.a(console.o)
 *fill*         0x00000000001232b3        0x1 
 .rodata.con_write.str1.4
                0x00000000001232b4       0x4a C:/devkitPro/libctru/lib\libctru.a(console.o)
 *fill*         0x00000000001232fe        0x2 
 .rodata.str1.4
                0x0000000000123300       0x10 C:/devkitPro/libctru/lib\libctru.a(console.o)
 .rodata.dotab_stdout
                0x0000000000123310       0x70 C:/devkitPro/libctru/lib\libctru.a(console.o)
 .rodata.grayScale
                0x0000000000123380       0x18 C:/devkitPro/libctru/lib\libctru.a(console.o)
 .rodata.colorCube
                0x0000000000123398        0x6 C:/devkitPro/libctru/lib\libctru.a(console.o)
 *fill*         0x000000000012339e        0x2 
 .rodata.colorTable
                0x00000000001233a0       0x30 C:/devkitPro/libctru/lib\libctru.a(console.o)
 .rodata.gspInit.str1.4
                0x00000000001233d0        0x9 C:/devkitPro/libctru/lib\libctru.a(gspgpu.o)
 *fill*         0x00000000001233d9        0x3 
 .rodata.aptSendCommand.str1.4
                0x00000000001233dc       0x16 C:/devkitPro/libctru/lib\libctru.a(apt.o)
 *fill*         0x00000000001233f2        0x2 
 .rodata.morton_y.2
                0x00000000001233f4        0x8 C:/devkitPro/libctru/lib\libctru.a(apt.o)
 .rodata.morton_x.3
                0x00000000001233fc        0x8 C:/devkitPro/libctru/lib\libctru.a(apt.o)
 .rodata.s_sleepWakeEvents.4
                0x0000000000123404        0x8 C:/devkitPro/libctru/lib\libctru.a(apt.o)
 .rodata.hidInit.str1.4
                0x000000000012340c       0x15 C:/devkitPro/libctru/lib\libctru.a(hid.o)
 *fill*         0x0000000000123421        0x3 
 .rodata.httpcInit.str1.4
                0x0000000000123424        0x7 C:/devkitPro/libctru/lib\libctru.a(httpc.o)
 *fill*         0x000000000012342b        0x1 
 .rodata.__system_initArgv.str1.4
                0x000000000012342c        0xa C:/devkitPro/libctru/lib\libctru.a(initArgv.o)
 *fill*         0x0000000000123436        0x2 
 .rodata.default_font_bin
                0x0000000000123438      0x800 C:/devkitPro/libctru/lib\libctru.a(default_font.bin.o)
                0x0000000000123438                default_font_bin
                0x0000000000123c38                default_font_bin_end
 .rodata.srvInit.str1.4
                0x0000000000123c38        0x5 C:/devkitPro/libctru/lib\libctru.a(srv.o)
 *fill*         0x0000000000123c3d        0x3 
 .rodata.irrstInit.str1.4
                0x0000000000123c40        0x7 C:/devkitPro/libctru/lib\libctru.a(irrst.o)
 *fill*         0x0000000000123c47        0x1 
 .rodata.ptmSysmInit.str1.4
                0x0000000000123c48        0x9 C:/devkitPro/libctru/lib\libctru.a(ptmsysm.o)
 *fill*         0x0000000000123c51        0x3 
 .rodata._archiveUnmountDeviceStruct.part.0.str1.4
                0x0000000000123c54        0x2 C:/devkitPro/libctru/lib\libctru.a(archive_dev.o)
 *fill*         0x0000000000123c56        0x2 
 .rodata._archiveMountDevice.str1.4
                0x0000000000123c58        0x8 C:/devkitPro/libctru/lib\libctru.a(archive_dev.o)
                                          0xc (size before relaxing)
 .rodata.archiveMountSdmc.str1.4
                0x0000000000123c60        0x5 C:/devkitPro/libctru/lib\libctru.a(archive_dev.o)
 *fill*         0x0000000000123c65        0x3 
 .rodata.error_table
                0x0000000000123c68       0x30 C:/devkitPro/libctru/lib\libctru.a(archive_dev.o)
 .rodata.str1.4
                0x0000000000123c98        0x8 C:/devkitPro/libctru/lib\libctru.a(archive_dev.o)
 .rodata.archive_devoptab
                0x0000000000123ca0       0x70 C:/devkitPro/libctru/lib\libctru.a(archive_dev.o)
 .rodata.fsInit.str1.4
                0x0000000000123d10        0x8 C:/devkitPro/libctru/lib\libctru.a(fs.o)
 .rodata._global_impure_ptr
                0x0000000000123d18        0x4 c:/devkitpro/devkitarm/bin/../lib/gcc/arm-none-eabi/12.1.0/../../../../arm-none-eabi/lib/armv6k/fpu\libg.a(lib_a-impure.o)
                0x0000000000123d18                _global_impure_ptr
 .rodata._puts_r.str1.4
                0x0000000000123d1c        0x8 c:/devkitpro/devkitarm/bin/../lib/gcc/arm-none-eabi/12.1.0/../../../../arm-none-eabi/lib/armv6k/fpu\libg.a(lib_a-puts.o)
                                          0x2 (size before relaxing)
 .rodata.__ssvfscanf_r.str1.1
                0x0000000000123d1c        0x5 c:/devkitpro/devkitarm/bin/../lib/gcc/arm-none-eabi/12.1.0/../../../../arm-none-eabi/lib/armv6k/fpu\libg.a(lib_a-svfscanf.o)
                                          0x6 (size before relaxing)
 *fill*         0x0000000000123d21        0x3 
 .rodata.basefix.0
                0x0000000000123d24       0x22 c:/devkitpro/devkitarm/bin/../lib/gcc/arm-none-eabi/12.1.0/../../../../arm-none-eabi/lib/armv6k/fpu\libg.a(lib_a-svfscanf.o)
 .rodata._vfprintf_r.str1.1
                0x0000000000123d46       0x3b c:/devkitpro/devkitarm/bin/../lib/gcc/arm-none-eabi/12.1.0/../../../../arm-none-eabi/lib/armv6k/fpu\libg.a(lib_a-vfprintf.o)
 *fill*         0x0000000000123d81        0x3 
 .rodata.zeroes.0
                0x0000000000123d84       0x10 c:/devkitpro/devkitarm/bin/../lib/gcc/arm-none-eabi/12.1.0/../../../../arm-none-eabi/lib/armv6k/fpu\libg.a(lib_a-vfprintf.o)
 .rodata.blanks.1
                0x0000000000123d94       0x10 c:/devkitpro/devkitarm/bin/../lib/gcc/arm-none-eabi/12.1.0/../../../../arm-none-eabi/lib/armv6k/fpu\libg.a(lib_a-vfprintf.o)
 .rodata._ctype_
                0x0000000000123da4      0x101 c:/devkitpro/devkitarm/bin/../lib/gcc/arm-none-eabi/12.1.0/../../../../arm-none-eabi/lib/armv6k/fpu\libg.a(lib_a-ctype_.o)
                0x0000000000123da4                _ctype_
 *fill*         0x0000000000123ea5        0x3 
 .rodata._dtoa_r.str1.4
                0x0000000000123ea8       0x70 c:/devkitpro/devkitarm/bin/../lib/gcc/arm-none-eabi/12.1.0/../../../../arm-none-eabi/lib/armv6k/fpu\libg.a(lib_a-dtoa.o)
 .rodata.str1.4
                0x0000000000123f18       0x48 c:/devkitpro/devkitarm/bin/../lib/gcc/arm-none-eabi/12.1.0/../../../../arm-none-eabi/lib/armv6k/fpu\libg.a(lib_a-locale.o)
                                         0x4c (size before relaxing)
 .rodata._mbrtowc_r.str1.4
                0x0000000000123f60        0x1 c:/devkitpro/devkitarm/bin/../lib/gcc/arm-none-eabi/12.1.0/../../../../arm-none-eabi/lib/armv6k/fpu\libg.a(lib_a-mbrtowc.o)
 .rodata.__multadd.str1.4
                0x0000000000123f60       0x49 c:/devkitpro/devkitarm/bin/../lib/gcc/arm-none-eabi/12.1.0/../../../../arm-none-eabi/lib/armv6k/fpu\libg.a(lib_a-mprec.o)
                                         0x5d (size before relaxing)
 *fill*         0x0000000000123fa9        0x3 
 .rodata.p05.0  0x0000000000123fac        0xc c:/devkitpro/devkitarm/bin/../lib/gcc/arm-none-eabi/12.1.0/../../../../arm-none-eabi/lib/armv6k/fpu\libg.a(lib_a-mprec.o)
 .rodata.__mprec_bigtens
                0x0000000000123fb8       0x28 c:/devkitpro/devkitarm/bin/../lib/gcc/arm-none-eabi/12.1.0/../../../../arm-none-eabi/lib/armv6k/fpu\libg.a(lib_a-mprec.o)
                0x0000000000123fb8                __mprec_bigtens
 .rodata.__mprec_tens
                0x0000000000123fe0       0xc8 c:/devkitpro/devkitarm/bin/../lib/gcc/arm-none-eabi/12.1.0/../../../../arm-none-eabi/lib/armv6k/fpu\libg.a(lib_a-mprec.o)
                0x0000000000123fe0                __mprec_tens
 .rodata._strtod_l.str1.4
                0x00000000001240a8        0xf c:/devkitpro/devkitarm/bin/../lib/gcc/arm-none-eabi/12.1.0/../../../../arm-none-eabi/lib/armv6k/fpu\libg.a(lib_a-strtod.o)
                                         0x15 (size before relaxing)
 *fill*         0x00000000001240b7        0x1 
 .rodata.fpinan.0
                0x00000000001240b8       0x14 c:/devkitpro/devkitarm/bin/../lib/gcc/arm-none-eabi/12.1.0/../../../../arm-none-eabi/lib/armv6k/fpu\libg.a(lib_a-strtod.o)
 .rodata.fpi.1  0x00000000001240cc       0x14 c:/devkitpro/devkitarm/bin/../lib/gcc/arm-none-eabi/12.1.0/../../../../arm-none-eabi/lib/armv6k/fpu\libg.a(lib_a-strtod.o)
 .rodata.tinytens
                0x00000000001240e0       0x28 c:/devkitpro/devkitarm/bin/../lib/gcc/arm-none-eabi/12.1.0/../../../../arm-none-eabi/lib/armv6k/fpu\libg.a(lib_a-strtod.o)
 .rodata.__action_table
                0x0000000000124108       0x6c c:/devkitpro/devkitarm/bin/../lib/gcc/arm-none-eabi/12.1.0/../../../../arm-none-eabi/lib/armv6k/fpu\libg.a(lib_a-svfiprintf.o)